[
  {
    "block_height": 3518902,
    "block_time": 1748314805,
    "tx_hash": "12bba31d846f54739a8e5bb722b7aeceed5ecdcb0948cb74c1dcce63352b0342",
    "tx_index": 5
  }
]
