[
  "0cd17acd728b5e8788d260593d0f53f8d13a40f41f3841250a1e9b007edb7113",
  "302111ebfac6835db36fae73b01878457d23e59a8834eb4c4dddc6af7866b688",
  "ca565fe7d2e453e24f0068d0331cf81a752ccafa4507deb651eb9b380c5aa547"
]
