[
  {
    "drep_id": "drep1ytxymcaa430qedvkaxcpp3zck3afcrj0tt6e7gy83x3084cchj55v",
    "hex": "22cc4de3bdac5e0cb596e9b010c458b47a9c0e4f5af59f208789a2f3d7"
  },
  {
    "drep_id": "drep1yfu2n4837qxt6jpgd9agwt50c3j8wu8myegnv66rqxdl0ngtgw60w",
    "hex": "2278a9d4f1f00cbd4828697a872e8fc4647770fb2651366b43019bf7cd"
  },
  {
    "drep_id": "drep1y2g9k3eea4xljc4q3e5528axu5zg2j78u0l73efhcqm0j2sw74xv6",
    "hex": "22905b4739ed4df962a08e69451fa6e504854bc7e3ffe8e537c036f92a"
  }
]
