[
  "pool16y0y03vswwyshq52q3ql67tnqn6jdyucw9dfqme33v5zu7ptknl",
  "pool10v6xzynssfsk23smf8luqud8l6arw9mpwznaet0l7c7a2r6dzvf",
  "pool1u0ae7lu0u3ea6qsz5yet6g424ac5dpfmxhzh5k5jgxqjq7mjgcu"
]
