[
  {
    "tx_hash": "8063e9e7c71020f344b89022069ecdb474bf00fe8787422d8166705b5347d4b2"
  }
]
