{
  "stake": {
    "active": "377885680591890",
    "live": "333702725942043"
  },
  "supply": {
    "circulating": "30033036187733663",
    "locked": "145256110252570",
    "max": "45000000000000000",
    "reserves": "13566445161364690",
    "total": "31433554838635310",
    "treasury": "1399957359404024"
  }
}
