[
  {
    "cert_index": 0,
    "governance_type": "treasury_withdrawals",
    "tx_hash": "40c2a42fe324759a640dcfddbc69ef2e3b7fe5a998af8d6660359772bf44c9dc"
  },
  {
    "cert_index": 0,
    "governance_type": "treasury_withdrawals",
    "tx_hash": "0f20e19828fe09f2a40b14fbce148f274afae8f1f84707d8c4e828b808ffadc4"
  },
  {
    "cert_index": 0,
    "governance_type": "treasury_withdrawals",
    "tx_hash": "191398f38ef05515ddca265020d607fbb85c5651813f2429b38160fd491d9f8f"
  }
]
