[
  {
    "script_hash": "3da3bdb8c7703cfcc6a4627fe080f57a7b189062f9d4e2f118d604ef"
  },
  {
    "script_hash": "76f7809377bf26bccdd5ab8670cf4e98a64b1acfaca15fb7577bcd08"
  },
  {
    "script_hash": "36c9ae65bc49f59d18a8ca58dc7660ab8d974ac00878ae8ee2503b97"
  }
]
