{
  "error": "Not Found",
  "message": "The requested component has not been found.",
  "status_code": 404
}
