[
  {
    "dns": null,
    "dns_srv": null,
    "ipv4": "141.145.210.204",
    "ipv6": null,
    "port": 3003
  },
  {
    "dns": null,
    "dns_srv": null,
    "ipv4": "144.24.168.10",
    "ipv6": null,
    "port": 3003
  }
]
