{
  "cbor": "84ab00d9010283825820ec42b224e0b6d82c7efc64b6152d93e629576509703fb188a39e1c17aa45b72803825820eebb8fcbaf65a2016289a98b6fdf13c3aa2414d0e90d7545229623078bd1aae600825820f68385d30c1a11f3ae212fc2f9c93ebe00be20a327a4c85dab1e3f0e24fe7ecf000186825839001a048b5a7cb93dca05d00c4bfb4fc96fa16f3490d99c2cd558a77b1c1e50e14b857f74197706e348edc225733399afb543393a88a37d11d5821a00138846a1581c2682a9b99553406c39f693bb450d6001954e3504c96238c6b96ad79aa15820476c6f62616c20456e7465727461696e6d656e7420546f6b656e2028474554291a00022ca4825839001a048b5a7cb93dca05d00c4bfb4fc96fa16f3490d99c2cd558a77b1c1e50e14b857f74197706e348edc225733399afb543393a88a37d11d51a000ecc16a300581d7094f0d2f4ccb260a255ba7ac380e72370f37991c1bda4ed45e627e4f501821a001e8480a1581ce97a3fabe96a1f58781b68b8f880da8fbc92e1401956b65e1d112216a14347444601028201d8185828d8799f4100582017fac361b60bfa1f80416285528bdb262cfa7e9cfde4d214aa20c52f32f9590cffa300581d7094f0d2f4ccb260a255ba7ac380e72370f37991c1bda4ed45e627e4f501821a001e8480a1581ce97a3fabe96a1f58781b68b8f880da8fbc92e1401956b65e1d112216a14347444601028201d8185849d8799f582017fac361b60bfa1f80416285528bdb262cfa7e9cfde4d214aa20c52f32f9590c5821ffffffffffffffffffffffffffffffffffffffffffffffffffffffffffffffff00ffa300581d70326cdb33f82e5ea7f71c1d4944cf0b83dd7affece39a7cce7894cce001821a033f9aa0a2581c2682a9b99553406c39f693bb450d6001954e3504c96238c6b96ad79aa15820476c6f62616c20456e7465727461696e6d656e7420546f6b656e2028474554291a000f4240581ce97a3fabe96a1f58781b68b8f880da8fbc92e1401956b65e1d112216a24347445001582017fac361b60bfa1f80416285528bdb262cfa7e9cfde4d214aa20c52f32f9590c1b7fffffffff941aad028201d818588ad8799f01d87a9f581c852a91dd9b5d914cbf5014f63d3f392bb4a816b723f31ac6a68c9353ffd8799f4040ffd8799f581c2682a9b99553406c39f693bb450d6001954e3504c96238c6b96ad79a5820476c6f62616c20456e7465727461696e6d656e7420546f6b656e202847455429ff1a006be55c1a02faf0801a000f424018321832d87a80d87980ff825839006f36c8458b7bea6b556cddf2dbe5f7b2454fdeffea826b8e0f34236596183c740bc3103a50df54d73d9271e4690c922f0a575a15b6c00724821b0000000cec3a07d9b0581c02dd8960962da8ae13ce711ec1420b712db8192b3a9fdc40457f8a63a1582017fac361b60bfa1f80416285528bdb262cfa7e9cfde4d214aa20c52f32f9590c1a00052bee581c1b74c88c8e12d7ae9a194d285ac8d93faa1780a2562ee32d0bdce5c3a1582017fac361b60bfa1f80416285528bdb262cfa7e9cfde4d214aa20c52f32f9590c1a000a500a581c2682a9b99553406c39f693bb450d6001954e3504c96238c6b96ad79aa15820476c6f62616c20456e7465727461696e6d656e7420546f6b656e2028474554291b000003a03d8e1f5c581c3359bf44e8c5e664343f74f07590c8732100f3d9cd5a6fdaf60bb8f9a1582017fac361b60bfa1f80416285528bdb262cfa7e9cfde4d214aa20c52f32f9590c1a0008f0d3581c444713c4b8df2afda46fd8426a2cac6266e33cc88e0dc6bee650ed26a1582017fac361b60bfa1f80416285528bdb262cfa7e9cfde4d214aa20c52f32f9590c1a00115b4a581c5fa7c68e74b47d2e8b442c180f045b39a1bd7eba06760a1aa4f7735fa1582017fac361b60bfa1f80416285528bdb262cfa7e9cfde4d214aa20c52f32f9590c1a00154678581c639e17a095b19f044f562c7468e87d3f2f3481966d2fe00dfe0f7ec6a1582017fac361b60bfa1f80416285528bdb262cfa7e9cfde4d214aa20c52f32f9590c1a00154103581c81272d34128f0d103810a3a8a00325c8410f7dedbf0de2da6fd18e31a1582017fac361b60bfa1f80416285528bdb262cfa7e9cfde4d214aa20c52f32f9590c1a5c5756af581c9fd00d805b7790126d688405f6a5370e10ab286ec3444e521af7550ba15820157dd89c698a27523a2a6b174885e9f73892d164623e7f6bb268f2097003e8391910c4581cb348dd8c451f64e86fd0586849edadfea85ef1119cabe1bb4663ab9da1582017fac361b60bfa1f80416285528bdb262cfa7e9cfde4d214aa20c52f32f9590c1a000f5c0f581cb864788e10d48d0573ca19ea190d4720c001c77196e62a44441faaafa1582017fac361b60bfa1f80416285528bdb262cfa7e9cfde4d214aa20c52f32f9590c1a00085b81581cbb18da4a13653f749ed462408de2dbb830835209916b4167eb25c2b4a1582017fac361b60bfa1f80416285528bdb262cfa7e9cfde4d214aa20c52f32f9590c1a0006d2e4581ce16c2dc8ae937e8d3790c7fd7168d7b994621ba14ca11415f39fed72a1434d494e1a01312d00581cf321bada7778189c42ada9af96efb5c516184a1199308e28e6effbb7a15820476c6f62616c20456e7465727461696e6d656e7420546f6b656e2028474554291a01586d9a581cf533fecf6e05cef5978fece069d33a470590628447c2715bcef02ee5a24f4745542d4e46542d74732d31303730014f4745542d4e46542d74732d3131303301581ce97a3fabe96a1f58781b68b8f880da8fbc92e1401956b65e1d112216a1582017fac361b60bfa1f80416285528bdb262cfa7e9cfde4d214aa20c52f32f9590c1a006be552021a0008039a075820148ff0aa0a3b312a1c1296a4e2d7a160004663df2325caeea56dec05d996332009a1581ce97a3fabe96a1f58781b68b8f880da8fbc92e1401956b65e1d112216a343474446014347445001582017fac361b60bfa1f80416285528bdb262cfa7e9cfde4d214aa20c52f32f9590c1b7fffffffffffffff0b582063a08537e240e0e293b15a236b00825e6a4ed1396dc36b5c5eca891c5b5b0ebc0dd9010281825820f68385d30c1a11f3ae212fc2f9c93ebe00be20a327a4c85dab1e3f0e24fe7ecf010ed9010282581c1a048b5a7cb93dca05d00c4bfb4fc96fa16f3490d99c2cd558a77b1c581c6f36c8458b7bea6b556cddf2dbe5f7b2454fdeffea826b8e0f34236510825839006f36c8458b7bea6b556cddf2dbe5f7b2454fdeffea826b8e0f34236596183c740bc3103a50df54d73d9271e4690c922f0a575a15b6c00724821b0000000a8d05e9bea6581c17c2fa643c7938fa0506e0e99c9a378e4133eb48cb808026a3ce54e9a1582017fac361b60bfa1f80416285528bdb262cfa7e9cfde4d214aa20c52f32f9590c1a0004d33a581c2682a9b99553406c39f693bb450d6001954e3504c96238c6b96ad79aa15820476c6f62616c20456e7465727461696e6d656e7420546f6b656e2028474554291b00000009f06cab8d581c2cf6bbcb82d4a19734c4611dbb855076abc55b01332dd10681e5f9d4a1582017fac361b60bfa1f80416285528bdb262cfa7e9cfde4d214aa20c52f32f9590c1a0005e8d9581ca348ed8ea80e451758ad321019e0cb118a998f290fb0cf4c1941076fa1582017fac361b60bfa1f80416285528bdb262cfa7e9cfde4d214aa20c52f32f9590c1a0053945a581cd2b7cc4ade220f692e7b7f3662f8da046c025e4dad1dbe6c9f8ba6c3a15820476c6f62616c20456e7465727461696e6d656e7420546f6b656e2028474554291b000000024c2dbb00581cf0cdf88fd3208d698eaa7d3026252fac8d64d73fed361e41eca143cda1582017fac361b60bfa1f80416285528bdb262cfa7e9cfde4d214aa20c52f32f9590c1a0004d33a111a004c4b4012d901028282582079e12cadefb4b9e5c644acc347e9055200c2d23105cb08b2cacc84b542981c51008258200e820474ec2f365ae8d44f24effa2531998176a1617755376d39ff52b9beb3da02a20082825820775161a8e8e2860c621b470d6614dbe1fba4d5ad9e84586d4955fa112ec2ff8a5840e1468d2ebb536641043e6db051c3bb2c8d511cf42618b75a08dedca0c759709962c7d40e8f6bbdb4372d2d97281e7e0936ce40c00cd3e3a9e9f5584c363aa10f825820d2f14288a4e4f3058e92ebe23a27a89569226eaf9aeffa1b98941b4bbfacf79a5840b311730588cbb8274ffd41105921a476b6087db8e6eeb62eecc053034745c2cb9f2aeb62c595cfa8504912e92c6046d82416871c51f6699d45c23fb81cc43c040582840001d8799fd8799f4040ffd8799f581c2682a9b99553406c39f693bb450d6001954e3504c96238c6b96ad79a5820476c6f62616c20456e7465727461696e6d656e7420546f6b656e202847455429ffff821a000a848d1a0e98ebf4840100d87a80821a0003daa91a050346c7f5a11902a274474554204445583a2043726561746520506f6f6c"
}
