[
  {
    "json_metadata": "GET DEX: Create Pool",
    "label": "674"
  }
]
