[
  {
    "cbor_metadata": "\\xa11902a274474554204445583a2043726561746520506f6f6c",
    "label": "674",
    "metadata": "a11902a274474554204445583a2043726561746520506f6f6c"
  }
]
