[
  {
    "address": "addr_test1qzae9j9kvdehj896c0nruwm9h98jmyaqwjesc4r6pr604nadqwj2u3djrag0mene2cm9elu5mdqmcz9zc2rzgq7c5g6q96auyp",
    "balance": "244932456",
    "script_address": false,
    "stake_address": "stake_test1uzks8f9wgkep758aueu4vdjul72dksdupz3v9p3yq0v2ydqx8me8y",
    "utxo_set": [
      {
        "asset_list": [
          {
            "asset_name": "47616d654368616e6765724e4654202331",
            "decimals": 0,
            "fingerprint": "asset19cyqzxtflrwngvgrvx7wjhz452e8gsjdxqk8wu",
            "policy_id": "73f5452a0f9c4bef1048295759fa3924b8510e3533f1060d361ad5cf",
            "quantity": "1"
          },
          {
            "asset_name": "47616d654368616e6765724e4654202332",
            "decimals": 0,
            "fingerprint": "asset1m242zppkmcymjew02k7jhawknnw40aacqj7f29",
            "policy_id": "73f5452a0f9c4bef1048295759fa3924b8510e3533f1060d361ad5cf",
            "quantity": "1"
          },
          {
            "asset_name": "47616d654368616e6765724e4654202333",
            "decimals": 0,
            "fingerprint": "asset1wjtmweqycpf29kkwdmecd7lal2607ncc3xz33v",
            "policy_id": "73f5452a0f9c4bef1048295759fa3924b8510e3533f1060d361ad5cf",
            "quantity": "1"
          },
          {
            "asset_name": "656e67696e65657239304064726f70636c7562",
            "decimals": 0,
            "fingerprint": "asset1fsqgrmzvy2n0x6z8uer0mj6569xm562ya6v8w6",
            "policy_id": "73f5452a0f9c4bef1048295759fa3924b8510e3533f1060d361ad5cf",
            "quantity": "1"
          },
          {
            "asset_name": "46616b65555344",
            "decimals": 0,
            "fingerprint": "asset1rn349d5t004pwav9jpmjpf8tws34svgsd0jqls",
            "policy_id": "b788bb09a70692a5e88294f0bcd981847101c6d2d90b8c4d096eebd2",
            "quantity": "1000"
          },
          {
            "asset_name": "47616d654368616e676572546f6b656ef09f9a80",
            "decimals": 0,
            "fingerprint": "asset12t9hl6knmhxrsamervlaevn5wrla7xe85y0wfl",
            "policy_id": "b788bb09a70692a5e88294f0bcd981847101c6d2d90b8c4d096eebd2",
            "quantity": "100"
          }
        ],
        "block_height": 3278627,
        "block_time": 1741974426,
        "datum_hash": null,
        "inline_datum": null,
        "reference_script": null,
        "tx_hash": "6d0a5544568b37d9c7d3fb08fb6efedd44e18840f36ace1c6c955a087c831477",
        "tx_index": 0,
        "value": "1728310"
      },
      {
        "asset_list": [],
        "block_height": 3278627,
        "block_time": 1741974426,
        "datum_hash": null,
        "inline_datum": null,
        "reference_script": null,
        "tx_hash": "6d0a5544568b37d9c7d3fb08fb6efedd44e18840f36ace1c6c955a087c831477",
        "tx_index": 5,
        "value": "5000000"
      },
      {
        "asset_list": [],
        "block_height": 3278627,
        "block_time": 1741974426,
        "datum_hash": null,
        "inline_datum": null,
        "reference_script": null,
        "tx_hash": "6d0a5544568b37d9c7d3fb08fb6efedd44e18840f36ace1c6c955a087c831477",
        "tx_index": 6,
        "value": "5000000"
      },
      {
        "asset_list": [
          {
            "asset_name": "6e616e697465",
            "decimals": 0,
            "fingerprint": "asset1jyhac8huqnkmvlcma85hncp5ht2djj6cprl9tw",
            "policy_id": "4466edab6b77424e4555197c90852fa6d7e93861431130dee172b402",
            "quantity": "1"
          }
        ],
        "block_height": 3335165,
        "block_time": 1743457217,
        "datum_hash": null,
        "inline_datum": null,
        "reference_script": null,
        "tx_hash": "1fc72f03f349d1e19d140dcef4cfece2c0bc89a04c7afcaa26d1a07c7e0c7e31",
        "tx_index": 1,
        "value": "2146460"
      },
      {
        "asset_list": [],
        "block_height": 3335165,
        "block_time": 1743457217,
        "datum_hash": null,
        "inline_datum": null,
        "reference_script": null,
        "tx_hash": "1fc72f03f349d1e19d140dcef4cfece2c0bc89a04c7afcaa26d1a07c7e0c7e31",
        "tx_index": 2,
        "value": "2000000"
      },
      {
        "asset_list": [],
        "block_height": 3335165,
        "block_time": 1743457217,
        "datum_hash": null,
        "inline_datum": null,
        "reference_script": null,
        "tx_hash": "1fc72f03f349d1e19d140dcef4cfece2c0bc89a04c7afcaa26d1a07c7e0c7e31",
        "tx_index": 3,
        "value": "3000000"
      },
      {
        "asset_list": [],
        "block_height": 3335165,
        "block_time": 1743457217,
        "datum_hash": null,
        "inline_datum": null,
        "reference_script": null,
        "tx_hash": "1fc72f03f349d1e19d140dcef4cfece2c0bc89a04c7afcaa26d1a07c7e0c7e31",
        "tx_index": 4,
        "value": "5000000"
      },
      {
        "asset_list": [],
        "block_height": 3487984,
        "block_time": 1747513905,
        "datum_hash": null,
        "inline_datum": null,
        "reference_script": null,
        "tx_hash": "8d5287749b9da5afbc90afc13b081b3e1178f49a74542b84b2cd48f1eb489311",
        "tx_index": 1,
        "value": "77656546"
      },
      {
        "asset_list": [],
        "block_height": 3503618,
        "block_time": 1747922486,
        "datum_hash": null,
        "inline_datum": null,
        "reference_script": null,
        "tx_hash": "cd6d0ac0bedae678f048e5a2388c1754448aa725fd2c6b9aa8da1632187de0f5",
        "tx_index": 0,
        "value": "2000000"
      },
      {
        "asset_list": [],
        "block_height": 3503618,
        "block_time": 1747922486,
        "datum_hash": null,
        "inline_datum": null,
        "reference_script": null,
        "tx_hash": "cd6d0ac0bedae678f048e5a2388c1754448aa725fd2c6b9aa8da1632187de0f5",
        "tx_index": 1,
        "value": "3000000"
      },
      {
        "asset_list": [],
        "block_height": 3503618,
        "block_time": 1747922486,
        "datum_hash": null,
        "inline_datum": null,
        "reference_script": null,
        "tx_hash": "cd6d0ac0bedae678f048e5a2388c1754448aa725fd2c6b9aa8da1632187de0f5",
        "tx_index": 2,
        "value": "5000000"
      },
      {
        "asset_list": [],
        "block_height": 3503618,
        "block_time": 1747922486,
        "datum_hash": null,
        "inline_datum": null,
        "reference_script": null,
        "tx_hash": "cd6d0ac0bedae678f048e5a2388c1754448aa725fd2c6b9aa8da1632187de0f5",
        "tx_index": 3,
        "value": "9000000"
      },
      {
        "asset_list": [],
        "block_height": 3503618,
        "block_time": 1747922486,
        "datum_hash": null,
        "inline_datum": null,
        "reference_script": null,
        "tx_hash": "cd6d0ac0bedae678f048e5a2388c1754448aa725fd2c6b9aa8da1632187de0f5",
        "tx_index": 4,
        "value": "16999824"
      },
      {
        "asset_list": [],
        "block_height": 3503618,
        "block_time": 1747922486,
        "datum_hash": null,
        "inline_datum": null,
        "reference_script": null,
        "tx_hash": "cd6d0ac0bedae678f048e5a2388c1754448aa725fd2c6b9aa8da1632187de0f5",
        "tx_index": 5,
        "value": "2644578"
      },
      {
        "asset_list": [],
        "block_height": 3503619,
        "block_time": 1747922520,
        "datum_hash": null,
        "inline_datum": null,
        "reference_script": null,
        "tx_hash": "2010455e626dddfa907330a5017598d437bcae93100e28293c6a993e46295143",
        "tx_index": 0,
        "value": "2000000"
      },
      {
        "asset_list": [],
        "block_height": 3503619,
        "block_time": 1747922520,
        "datum_hash": null,
        "inline_datum": null,
        "reference_script": null,
        "tx_hash": "2010455e626dddfa907330a5017598d437bcae93100e28293c6a993e46295143",
        "tx_index": 1,
        "value": "3000000"
      },
      {
        "asset_list": [],
        "block_height": 3503619,
        "block_time": 1747922520,
        "datum_hash": null,
        "inline_datum": null,
        "reference_script": null,
        "tx_hash": "2010455e626dddfa907330a5017598d437bcae93100e28293c6a993e46295143",
        "tx_index": 2,
        "value": "5000000"
      },
      {
        "asset_list": [],
        "block_height": 3503619,
        "block_time": 1747922520,
        "datum_hash": null,
        "inline_datum": null,
        "reference_script": null,
        "tx_hash": "2010455e626dddfa907330a5017598d437bcae93100e28293c6a993e46295143",
        "tx_index": 3,
        "value": "6822091"
      },
      {
        "asset_list": [],
        "block_height": 3503619,
        "block_time": 1747922520,
        "datum_hash": null,
        "inline_datum": null,
        "reference_script": null,
        "tx_hash": "76488e9ed52721f00a57781f97d99fdccdfe8dddea654313a9f5f5b945717d73",
        "tx_index": 0,
        "value": "2000000"
      },
      {
        "asset_list": [],
        "block_height": 3503619,
        "block_time": 1747922520,
        "datum_hash": null,
        "inline_datum": null,
        "reference_script": null,
        "tx_hash": "76488e9ed52721f00a57781f97d99fdccdfe8dddea654313a9f5f5b945717d73",
        "tx_index": 1,
        "value": "3000000"
      },
      {
        "asset_list": [],
        "block_height": 3503619,
        "block_time": 1747922520,
        "datum_hash": null,
        "inline_datum": null,
        "reference_script": null,
        "tx_hash": "76488e9ed52721f00a57781f97d99fdccdfe8dddea654313a9f5f5b945717d73",
        "tx_index": 2,
        "value": "3824995"
      },
      {
        "asset_list": [],
        "block_height": 3503619,
        "block_time": 1747922520,
        "datum_hash": null,
        "inline_datum": null,
        "reference_script": null,
        "tx_hash": "cc49d41d71f029dbbbd575510d0498f938c3ebc7a91b416d2569760adfadcc14",
        "tx_index": 0,
        "value": "2000000"
      },
      {
        "asset_list": [],
        "block_height": 3503619,
        "block_time": 1747922520,
        "datum_hash": null,
        "inline_datum": null,
        "reference_script": null,
        "tx_hash": "cc49d41d71f029dbbbd575510d0498f938c3ebc7a91b416d2569760adfadcc14",
        "tx_index": 1,
        "value": "2999560"
      },
      {
        "asset_list": [],
        "block_height": 3503619,
        "block_time": 1747922520,
        "datum_hash": null,
        "inline_datum": null,
        "reference_script": null,
        "tx_hash": "cc49d41d71f029dbbbd575510d0498f938c3ebc7a91b416d2569760adfadcc14",
        "tx_index": 2,
        "value": "1474754"
      },
      {
        "asset_list": [],
        "block_height": 3503640,
        "block_time": 1747922995,
        "datum_hash": null,
        "inline_datum": null,
        "reference_script": null,
        "tx_hash": "7391bbf8bcd39c4fa8b7a021514b8a6e405afe5d3c836556c74ff76ef38d74af",
        "tx_index": 0,
        "value": "2000000"
      },
      {
        "asset_list": [],
        "block_height": 3503640,
        "block_time": 1747922995,
        "datum_hash": null,
        "inline_datum": null,
        "reference_script": null,
        "tx_hash": "7391bbf8bcd39c4fa8b7a021514b8a6e405afe5d3c836556c74ff76ef38d74af",
        "tx_index": 1,
        "value": "3000000"
      },
      {
        "asset_list": [],
        "block_height": 3503640,
        "block_time": 1747922995,
        "datum_hash": null,
        "inline_datum": null,
        "reference_script": null,
        "tx_hash": "7391bbf8bcd39c4fa8b7a021514b8a6e405afe5d3c836556c74ff76ef38d74af",
        "tx_index": 2,
        "value": "5000000"
      },
      {
        "asset_list": [],
        "block_height": 3503640,
        "block_time": 1747922995,
        "datum_hash": null,
        "inline_datum": null,
        "reference_script": null,
        "tx_hash": "7391bbf8bcd39c4fa8b7a021514b8a6e405afe5d3c836556c74ff76ef38d74af",
        "tx_index": 3,
        "value": "9000000"
      },
      {
        "asset_list": [],
        "block_height": 3503640,
        "block_time": 1747922995,
        "datum_hash": null,
        "inline_datum": null,
        "reference_script": null,
        "tx_hash": "7391bbf8bcd39c4fa8b7a021514b8a6e405afe5d3c836556c74ff76ef38d74af",
        "tx_index": 4,
        "value": "17000000"
      },
      {
        "asset_list": [],
        "block_height": 3503640,
        "block_time": 1747922995,
        "datum_hash": null,
        "inline_datum": null,
        "reference_script": null,
        "tx_hash": "7391bbf8bcd39c4fa8b7a021514b8a6e405afe5d3c836556c74ff76ef38d74af",
        "tx_index": 5,
        "value": "3817075"
      },
      {
        "asset_list": [],
        "block_height": 3503640,
        "block_time": 1747922995,
        "datum_hash": null,
        "inline_datum": null,
        "reference_script": null,
        "tx_hash": "a17c433dd94df90483561a429ac499feba5de2cd7489ef3394ae522322b6b3b1",
        "tx_index": 0,
        "value": "2000000"
      },
      {
        "asset_list": [],
        "block_height": 3503640,
        "block_time": 1747922995,
        "datum_hash": null,
        "inline_datum": null,
        "reference_script": null,
        "tx_hash": "a17c433dd94df90483561a429ac499feba5de2cd7489ef3394ae522322b6b3b1",
        "tx_index": 1,
        "value": "3000000"
      },
      {
        "asset_list": [],
        "block_height": 3503640,
        "block_time": 1747922995,
        "datum_hash": null,
        "inline_datum": null,
        "reference_script": null,
        "tx_hash": "a17c433dd94df90483561a429ac499feba5de2cd7489ef3394ae522322b6b3b1",
        "tx_index": 2,
        "value": "5000000"
      },
      {
        "asset_list": [],
        "block_height": 3503640,
        "block_time": 1747922995,
        "datum_hash": null,
        "inline_datum": null,
        "reference_script": null,
        "tx_hash": "a17c433dd94df90483561a429ac499feba5de2cd7489ef3394ae522322b6b3b1",
        "tx_index": 3,
        "value": "9000000"
      },
      {
        "asset_list": [],
        "block_height": 3503640,
        "block_time": 1747922995,
        "datum_hash": null,
        "inline_datum": null,
        "reference_script": null,
        "tx_hash": "a17c433dd94df90483561a429ac499feba5de2cd7489ef3394ae522322b6b3b1",
        "tx_index": 4,
        "value": "13818263"
      }
    ]
  }
]
