[
  {
    "address": "addr_test1qz3lkrpk8va5tdz7h322uaj0wzcqvf6fca73vft0aymp4gmsefv5uta3856fj7083cdw8pm4atke95474yqjzhm8c6zql5d43p",
    "asset_list": [
      {
        "asset_name": "7447454e53",
        "decimals": 6,
        "fingerprint": "asset1mvqjrt76g9yxsle3z92ums7snlpg02p274gek4",
        "policy_id": "c6e65ba7878b2f8ea0ad39287d3e2fd256dc5c4160fc19bdf4c4d87e",
        "quantity": "500000000"
      }
    ],
    "block_height": 199484,
    "block_time": 1666799008,
    "datum_hash": "1d5e08ced06b32d6d0b8939522b758f4306f79456d224bfda1d6deec60a48073",
    "epoch_no": 29,
    "inline_datum": null,
    "is_spent": false,
    "payment_cred": "a3fb0c363b3b45b45ebc54ae764f70b0062749c77d16256fe9361aa3",
    "reference_script": null,
    "stake_address": "stake_test1upcv5k2w97cn6dye08ncuxhrsa674mvj62l2jqfptanudpqe6anvj",
    "tx_hash": "a1b069cfb8793441e1fbfc56289e7665c721ec7ed98dc8dfc21ae980413d5883",
    "tx_index": 2,
    "value": "2000000"
  },
  {
    "address": "addr_test1zpy6w3npg04ekav23cg8j3ecf5shwp65h4vgx548gn8xzpsajwarv9ncghe0qnv6yh9ra0yuumgw79eshmz5wz0dejmqgp3w52",
    "asset_list": [
      {
        "asset_name": "6141414441",
        "decimals": 6,
        "fingerprint": "asset14p3nne3edut62hxkpjkt07hukzuwmpdta5p42c",
        "policy_id": "777e6b4903dab74963ae581d39875c5dac16c09bb1f511c0af1ddda8",
        "quantity": "1000000"
      }
    ],
    "block_height": 203288,
    "block_time": 1666878564,
    "datum_hash": "50a7634bb5582945441e6ea1ab038de91df80d8c59364e7ce2a9346513a2903f",
    "epoch_no": 29,
    "inline_datum": null,
    "is_spent": false,
    "payment_cred": "49a7466143eb9b758a8e107947384d21770754bd588352a744ce6106",
    "reference_script": null,
    "stake_address": "stake_test1uqwe8w3kzeuytuhsfkdztj37hjwwd580zucta328p8kuedsh8ytx5",
    "tx_hash": "42d27b4fbc4526ca90a81e58c3366d243f3f8891050bb499fa512e61d105fcc8",
    "tx_index": 2,
    "value": "1327480"
  },
  {
    "address": "addr_test1qq24z8kdgaj9wnw6cvvxl5tneka0lhpkrmwwj9lu0k5nkfgry9mdcl6y07t0etych54093u7k39s05ydnqgx3ysuv3aqu9z5jk",
    "asset_list": [
      {
        "asset_name": "7447454e53",
        "decimals": 6,
        "fingerprint": "asset1mvqjrt76g9yxsle3z92ums7snlpg02p274gek4",
        "policy_id": "c6e65ba7878b2f8ea0ad39287d3e2fd256dc5c4160fc19bdf4c4d87e",
        "quantity": "100000000"
      }
    ],
    "block_height": 203915,
    "block_time": 1666890674,
    "datum_hash": null,
    "epoch_no": 29,
    "inline_datum": null,
    "is_spent": false,
    "payment_cred": "15511ecd4764574ddac3186fd173cdbaffdc361edce917fc7da93b25",
    "reference_script": null,
    "stake_address": "stake_test1uqpjzaku0az8l9hu4jvt62hjc70tgjc86zxesyrgjgwxg7s5huxpd",
    "tx_hash": "a2bb5bee375e4cf01929cb83760c6639d4c93dde64f33cb2a51aa82aa6381f48",
    "tx_index": 1,
    "value": "1168010"
  },
  {
    "address": "addr_test1qq24z8kdgaj9wnw6cvvxl5tneka0lhpkrmwwj9lu0k5nkfgry9mdcl6y07t0etych54093u7k39s05ydnqgx3ysuv3aqu9z5jk",
    "asset_list": [
      {
        "asset_name": "7447454e53",
        "decimals": 6,
        "fingerprint": "asset1mvqjrt76g9yxsle3z92ums7snlpg02p274gek4",
        "policy_id": "c6e65ba7878b2f8ea0ad39287d3e2fd256dc5c4160fc19bdf4c4d87e",
        "quantity": "234000000"
      }
    ],
    "block_height": 206996,
    "block_time": 1666952802,
    "datum_hash": "0239c002766a2aeae79c86f36e94494539dd6cbb4ac6e68d4185e234255e781d",
    "epoch_no": 29,
    "inline_datum": null,
    "is_spent": false,
    "payment_cred": "15511ecd4764574ddac3186fd173cdbaffdc361edce917fc7da93b25",
    "reference_script": null,
    "stake_address": "stake_test1uqpjzaku0az8l9hu4jvt62hjc70tgjc86zxesyrgjgwxg7s5huxpd",
    "tx_hash": "cde7dd8b38191ae737696e0f16c71b5d090decd460b65a16efdf4377296437d9",
    "tx_index": 2,
    "value": "2000000"
  },
  {
    "address": "addr_test1qrf407jmv7zs3mycc2spulclyglf0ff73w99j48rq2fmke9hn903fs7em5309zwumv7gfvtayxy9c4y46xr9u9jksflsvxzpj7",
    "asset_list": [
      {
        "asset_name": "7447454e53",
        "decimals": 6,
        "fingerprint": "asset1mvqjrt76g9yxsle3z92ums7snlpg02p274gek4",
        "policy_id": "c6e65ba7878b2f8ea0ad39287d3e2fd256dc5c4160fc19bdf4c4d87e",
        "quantity": "100000000"
      }
    ],
    "block_height": 220901,
    "block_time": 1667241827,
    "datum_hash": null,
    "epoch_no": 30,
    "inline_datum": null,
    "is_spent": false,
    "payment_cred": "d357fa5b678508ec98c2a01e7f1f223e97a53e8b8a5954e30293bb64",
    "reference_script": null,
    "stake_address": "stake_test1uzmejhc5c0va6ghj38wdk0yyk97jrzzu2j2arpj7zetgylc0erxw0",
    "tx_hash": "bc971ca106af5dbccacdf795afb1b1d10df148c4b4393ad890ee63ca82501602",
    "tx_index": 0,
    "value": "1159390"
  },
  {
    "address": "addr_test1qq24z8kdgaj9wnw6cvvxl5tneka0lhpkrmwwj9lu0k5nkfgry9mdcl6y07t0etych54093u7k39s05ydnqgx3ysuv3aqu9z5jk",
    "asset_list": [
      {
        "asset_name": "74435255",
        "decimals": 0,
        "fingerprint": "asset1n72282fdv3ve8mz8z9m9v59r2yf5n6dgy9266z",
        "policy_id": "432f429b1369039d55cfd0441267ca8a9ec4d696215ac0da009b74ec",
        "quantity": "499000000"
      },
      {
        "asset_name": "7447454e53",
        "decimals": 6,
        "fingerprint": "asset1mvqjrt76g9yxsle3z92ums7snlpg02p274gek4",
        "policy_id": "c6e65ba7878b2f8ea0ad39287d3e2fd256dc5c4160fc19bdf4c4d87e",
        "quantity": "434000000"
      }
    ],
    "block_height": 232445,
    "block_time": 1667510048,
    "datum_hash": null,
    "epoch_no": 31,
    "inline_datum": null,
    "is_spent": false,
    "payment_cred": "15511ecd4764574ddac3186fd173cdbaffdc361edce917fc7da93b25",
    "reference_script": null,
    "stake_address": "stake_test1uqpjzaku0az8l9hu4jvt62hjc70tgjc86zxesyrgjgwxg7s5huxpd",
    "tx_hash": "45456558cd93e351465d3f76c3b5a9844cabdc3519f80203fcf78c188892e4ef",
    "tx_index": 1,
    "value": "1344720"
  },
  {
    "address": "addr_test1qqmwkla9kwjgalv46ahc3p0uyhkt2cdhypgmugqyqh29dx4s9ggsnfsh0czhwy64x7gcwe37cn99hsfd9ga8ufrufdjqqdjhpz",
    "asset_list": [
      {
        "asset_name": "7447454e53",
        "decimals": 6,
        "fingerprint": "asset1mvqjrt76g9yxsle3z92ums7snlpg02p274gek4",
        "policy_id": "c6e65ba7878b2f8ea0ad39287d3e2fd256dc5c4160fc19bdf4c4d87e",
        "quantity": "50000000"
      }
    ],
    "block_height": 250913,
    "block_time": 1667932180,
    "datum_hash": "475d171d060e315e99f6840e0af43a65d95bd75f88fb9533bd454ff6f9c3dabb",
    "epoch_no": 32,
    "inline_datum": null,
    "is_spent": false,
    "payment_cred": "36eb7fa5b3a48efd95d76f8885fc25ecb561b72051be200405d4569a",
    "reference_script": null,
    "stake_address": "stake_test1uzcz5ygf5cthupthzd2n0yv8vclvfjjmcykj5wn7y37ykeq9s7hfe",
    "tx_hash": "68658be253428279b02f14453d0ce8e06c55463404b008a316c70dce1d7b44e7",
    "tx_index": 6,
    "value": "2000000"
  },
  {
    "address": "addr_test1qpm8ehwm73kff50w0v66wzpmje7hx7xhh9djz4628eg6cwjrv30cqps432ccwsm27vpcrjxy46ucceu5tm57kkaed7ls7y7lkx",
    "asset_list": [
      {
        "asset_name": "7447454e53",
        "decimals": 6,
        "fingerprint": "asset1mvqjrt76g9yxsle3z92ums7snlpg02p274gek4",
        "policy_id": "c6e65ba7878b2f8ea0ad39287d3e2fd256dc5c4160fc19bdf4c4d87e",
        "quantity": "273418565"
      }
    ],
    "block_height": 250913,
    "block_time": 1667932180,
    "datum_hash": "94ba8cd662453649d161fcb65c41fb40075c2cd1cf0cdf0fd32eaaa7d7f487b7",
    "epoch_no": 32,
    "inline_datum": null,
    "is_spent": false,
    "payment_cred": "767cdddbf46c94d1ee7b35a7083b967d7378d7b95b21574a3e51ac3a",
    "reference_script": null,
    "stake_address": "stake_test1uppkghuqqc2c4vv8gd40xquperz2awvvv729a60ttwukl0crqpprn",
    "tx_hash": "68658be253428279b02f14453d0ce8e06c55463404b008a316c70dce1d7b44e7",
    "tx_index": 8,
    "value": "523137300"
  },
  {
    "address": "addr_test1qqzp9n9wuh0sqm9f8vk5l0mdakedknj08gtf6wayrtm9zg4phgydy0wtg0k30k42lthsch6dmyngxendhqv3luxsq5vs8tuy9n",
    "asset_list": [
      {
        "asset_name": "7447454e53",
        "decimals": 6,
        "fingerprint": "asset1mvqjrt76g9yxsle3z92ums7snlpg02p274gek4",
        "policy_id": "c6e65ba7878b2f8ea0ad39287d3e2fd256dc5c4160fc19bdf4c4d87e",
        "quantity": "50000000"
      }
    ],
    "block_height": 250913,
    "block_time": 1667932180,
    "datum_hash": "34c0c14de61369035b24ecb5bf67aed4d285de24cea58753fa711c3fd4e70899",
    "epoch_no": 32,
    "inline_datum": null,
    "is_spent": false,
    "payment_cred": "0412ccaee5df006ca93b2d4fbf6dedb2db4e4f3a169d3ba41af65122",
    "reference_script": null,
    "stake_address": "stake_test1uzsm5zxj8h958mghm2404mcvtaxajf5rvekmsxgl7rgq2xg5mach9",
    "tx_hash": "68658be253428279b02f14453d0ce8e06c55463404b008a316c70dce1d7b44e7",
    "tx_index": 10,
    "value": "2000000"
  },
  {
    "address": "addr_test1qpfwt92mtp2f4jhzpxwmrqpk9wwujfydy5qcxa3gk2td25y83t66lr7svuj3myr65g2c5nlufmxv9j7nmrh8gg9e4f6q8mwxlq",
    "asset_list": [
      {
        "asset_name": "7447454e53",
        "decimals": 6,
        "fingerprint": "asset1mvqjrt76g9yxsle3z92ums7snlpg02p274gek4",
        "policy_id": "c6e65ba7878b2f8ea0ad39287d3e2fd256dc5c4160fc19bdf4c4d87e",
        "quantity": "1104492457"
      }
    ],
    "block_height": 250913,
    "block_time": 1667932180,
    "datum_hash": "0ea96164af3f480c3b49f76a8042146dfd5809011566eb1a276fdf0ad535d3de",
    "epoch_no": 32,
    "inline_datum": null,
    "is_spent": false,
    "payment_cred": "52e5955b58549acae2099db180362b9dc9248d2501837628b296d550",
    "reference_script": null,
    "stake_address": "stake_test1uzrc4ad03lgxwfgajpa2y9v2fl7yanxze0fa3mn5yzu65aqjhdktj",
    "tx_hash": "68658be253428279b02f14453d0ce8e06c55463404b008a316c70dce1d7b44e7",
    "tx_index": 18,
    "value": "2461667347"
  }
]
