[
  {
    "abs_slot": 10886364,
    "block_height": 188289,
    "block_size": 3427,
    "block_time": 1666569564,
    "child_hash": "baa629e75dae822dbc477b026e3f5777652e192f0abad6de5d95ec540eee690a",
    "epoch_no": 28,
    "epoch_slot": 431964,
    "hash": "389da613316d2aec61edc34d51f1b3d004891ab38c9419771e5e0a3b12de3ef6",
    "num_confirmations": 3262247,
    "op_cert": "c8682c718e8670f9edd295d8b0db50e2e32bf25397726eef56227dbaf89a254a",
    "op_cert_counter": 1,
    "parent_hash": "fe3b51ec15e0c3f7ff82aae4d4901811f860c320004c3854385674f35be6555d",
    "pool": "pool1z22x50lqsrwent6en0llzzs9e577rx7n3mv9kfw7udwa2rf42fa",
    "proto_major": 7,
    "proto_minor": 0,
    "total_fees": "476510",
    "total_output": "9069371159",
    "tx_count": 2,
    "vrf_key": "vrf_vk1afy7gefvgc9eaek64lhunxw2velmuh4467n6a2aalah7r8q68j0s4f2sa9"
  },
  {
    "abs_slot": 11750284,
    "block_height": 229799,
    "block_size": 7162,
    "block_time": 1667433484,
    "child_hash": "af90f3ca667bcffd489c89bf8252e6640c1f8ffc3993748e63235ad6ee0d6d0b",
    "epoch_no": 30,
    "epoch_slot": 431884,
    "hash": "2abeb8d1c1227139763be30ddb7a2fd79abd7d44195fca87a7c836a510b2802d",
    "num_confirmations": 3220737,
    "op_cert": "ed3a94b721049068abcd5e5d0fabf23404f5d0bc9d348a2181a5d3017ce65d54",
    "op_cert_counter": 0,
    "parent_hash": "c7b988acc75cd82b963eebbc1f4360c21dfdac48c393ad7588c633ff2729fe7e",
    "pool": "pool1egfg26w0syqly9qc65hz33gqv2qrzyka8tfue3ccsk3c73a56jp",
    "proto_major": 7,
    "proto_minor": 0,
    "total_fees": "2025507",
    "total_output": "9617852484",
    "tx_count": 11,
    "vrf_key": "vrf_vk1xn0x245vgc9rszy4wmk90glqfrrtr4v55tc4n975l6lrm935w56sddm59f"
  },
  {
    "abs_slot": 12132566,
    "block_height": 245187,
    "block_size": 6019,
    "block_time": 1667815766,
    "child_hash": "9e1062e6c8e0b8335c48e09706078c41f16acde1a2cb7857658b760d6df9184e",
    "epoch_no": 31,
    "epoch_slot": 382166,
    "hash": "4e790b758c495953bb33c4aad4a4b4c1b98f7c2ec135ebd3db21f32059481718",
    "num_confirmations": 3205349,
    "op_cert": "01a2a5d502467f061867fd59881bd2ddf11bb1d287c82d56692dd68c5428ec6c",
    "op_cert_counter": 1,
    "parent_hash": "1e6e92c8a40a3a18b8d59d0278ff7d3edef4411199671a124fd70610fc52b9e7",
    "pool": "pool174mw7e20768e8vj4fn8y6p536n8rkzswsapwtwn354dckpjqzr8",
    "proto_major": 8,
    "proto_minor": 0,
    "total_fees": "864580",
    "total_output": "15357155557",
    "tx_count": 3,
    "vrf_key": "vrf_vk1p8s5ysf7dgsvfrw0p0q7zczdytkxc95zsq3p9sfshk9s3z86jfdql5fdft"
  }
]
