block_time,epoch_no,epoch_slot
218,156910,1748374510
218,156844,1748374444
218,156815,1748374415
