[
  {
    "blocks": 15401,
    "proto_major": 9,
    "proto_minor": 1
  },
  {
    "blocks": 720,
    "proto_major": 10,
    "proto_minor": 0
  }
]
