[
  {
    "block_hash": "ec4442c75aceeafb4213498780193b868a08f0ecb6b57d8ca4d5830f7fc30e7b",
    "coins_per_utxo_size": "4310",
    "collateral_percent": 150,
    "committee_max_term_length": 146,
    "committee_min_size": 7,
    "cost_models": {
      "PlutusV1": [
        100788,
        420,
        1,
        1,
        1000,
        173,
        0,
        1,
        1000,
        59957,
        4,
        1,
        11183,
        32,
        201305,
        8356,
        4,
        16000,
        100,
        16000,
        100,
        16000,
        100,
        16000,
        100,
        16000,
        100,
        16000,
        100,
        100,
        100,
        16000,
        100,
        94375,
        32,
        132994,
        32,
        61462,
        4,
        72010,
        178,
        0,
        1,
        22151,
        32,
        91189,
        769,
        4,
        2,
        85848,
        228465,
        122,
        0,
        1,
        1,
        1000,
        42921,
        4,
        2,
        24548,
        29498,
        38,
        1,
        898148,
        27279,
        1,
        51775,
        558,
        1,
        39184,
        1000,
        60594,
        1,
        141895,
        32,
        83150,
        32,
        15299,
        32,
        76049,
        1,
        13169,
        4,
        22100,
        10,
        28999,
        74,
        1,
        28999,
        74,
        1,
        43285,
        552,
        1,
        44749,
        541,
        1,
        33852,
        32,
        68246,
        32,
        72362,
        32,
        7243,
        32,
        7391,
        32,
        11546,
        32,
        85848,
        228465,
        122,
        0,
        1,
        1,
        90434,
        519,
        0,
        1,
        74433,
        32,
        85848,
        228465,
        122,
        0,
        1,
        1,
        85848,
        228465,
        122,
        0,
        1,
        1,
        270652,
        22588,
        4,
        1457325,
        64566,
        4,
        20467,
        1,
        4,
        0,
        141992,
        32,
        100788,
        420,
        1,
        1,
        81663,
        32,
        59498,
        32,
        20142,
        32,
        24588,
        32,
        20744,
        32,
        25933,
        32,
        24623,
        32,
        53384111,
        14333,
        10
      ],
      "PlutusV2": [
        100788,
        420,
        1,
        1,
        1000,
        173,
        0,
        1,
        1000,
        59957,
        4,
        1,
        11183,
        32,
        201305,
        8356,
        4,
        16000,
        100,
        16000,
        100,
        16000,
        100,
        16000,
        100,
        16000,
        100,
        16000,
        100,
        100,
        100,
        16000,
        100,
        94375,
        32,
        132994,
        32,
        61462,
        4,
        72010,
        178,
        0,
        1,
        22151,
        32,
        91189,
        769,
        4,
        2,
        85848,
        228465,
        122,
        0,
        1,
        1,
        1000,
        42921,
        4,
        2,
        24548,
        29498,
        38,
        1,
        898148,
        27279,
        1,
        51775,
        558,
        1,
        39184,
        1000,
        60594,
        1,
        141895,
        32,
        83150,
        32,
        15299,
        32,
        76049,
        1,
        13169,
        4,
        22100,
        10,
        28999,
        74,
        1,
        28999,
        74,
        1,
        43285,
        552,
        1,
        44749,
        541,
        1,
        33852,
        32,
        68246,
        32,
        72362,
        32,
        7243,
        32,
        7391,
        32,
        11546,
        32,
        85848,
        228465,
        122,
        0,
        1,
        1,
        90434,
        519,
        0,
        1,
        74433,
        32,
        85848,
        228465,
        122,
        0,
        1,
        1,
        85848,
        228465,
        122,
        0,
        1,
        1,
        955506,
        213312,
        0,
        2,
        270652,
        22588,
        4,
        1457325,
        64566,
        4,
        20467,
        1,
        4,
        0,
        141992,
        32,
        100788,
        420,
        1,
        1,
        81663,
        32,
        59498,
        32,
        20142,
        32,
        24588,
        32,
        20744,
        32,
        25933,
        32,
        24623,
        32,
        43053543,
        10,
        53384111,
        14333,
        10,
        43574283,
        26308,
        10
      ],
      "PlutusV3": [
        100788,
        420,
        1,
        1,
        1000,
        173,
        0,
        1,
        1000,
        59957,
        4,
        1,
        11183,
        32,
        201305,
        8356,
        4,
        16000,
        100,
        16000,
        100,
        16000,
        100,
        16000,
        100,
        16000,
        100,
        16000,
        100,
        100,
        100,
        16000,
        100,
        94375,
        32,
        132994,
        32,
        61462,
        4,
        72010,
        178,
        0,
        1,
        22151,
        32,
        91189,
        769,
        4,
        2,
        85848,
        123203,
        7305,
        -900,
        1716,
        549,
        57,
        85848,
        0,
        1,
        1,
        1000,
        42921,
        4,
        2,
        24548,
        29498,
        38,
        1,
        898148,
        27279,
        1,
        51775,
        558,
        1,
        39184,
        1000,
        60594,
        1,
        141895,
        32,
        83150,
        32,
        15299,
        32,
        76049,
        1,
        13169,
        4,
        22100,
        10,
        28999,
        74,
        1,
        28999,
        74,
        1,
        43285,
        552,
        1,
        44749,
        541,
        1,
        33852,
        32,
        68246,
        32,
        72362,
        32,
        7243,
        32,
        7391,
        32,
        11546,
        32,
        85848,
        123203,
        7305,
        -900,
        1716,
        549,
        57,
        85848,
        0,
        1,
        90434,
        519,
        0,
        1,
        74433,
        32,
        85848,
        123203,
        7305,
        -900,
        1716,
        549,
        57,
        85848,
        0,
        1,
        1,
        85848,
        123203,
        7305,
        -900,
        1716,
        549,
        57,
        85848,
        0,
        1,
        955506,
        213312,
        0,
        2,
        270652,
        22588,
        4,
        1457325,
        64566,
        4,
        20467,
        1,
        4,
        0,
        141992,
        32,
        100788,
        420,
        1,
        1,
        81663,
        32,
        59498,
        32,
        20142,
        32,
        24588,
        32,
        20744,
        32,
        25933,
        32,
        24623,
        32,
        43053543,
        10,
        53384111,
        14333,
        10,
        43574283,
        26308,
        10,
        16000,
        100,
        16000,
        100,
        962335,
        18,
        2780678,
        6,
        442008,
        1,
        52538055,
        3756,
        18,
        267929,
        18,
        76433006,
        8868,
        18,
        52948122,
        18,
        1995836,
        36,
        3227919,
        12,
        901022,
        1,
        166917843,
        4307,
        36,
        284546,
        36,
        158221314,
        26549,
        36,
        74698472,
        36,
        333849714,
        1,
        254006273,
        72,
        2174038,
        72,
        2261318,
        64571,
        4,
        207616,
        8310,
        4,
        1293828,
        28716,
        63,
        0,
        1,
        1006041,
        43623,
        251,
        0,
        1
      ]
    },
    "decentralisation": 0,
    "drep_activity": 20,
    "drep_deposit": "500000000",
    "dvt_committee_no_confidence": 0.6,
    "dvt_committee_normal": 0.67,
    "dvt_hard_fork_initiation": 0.6,
    "dvt_motion_no_confidence": 0.67,
    "dvt_p_p_economic_group": 0.67,
    "dvt_p_p_gov_group": 0.75,
    "dvt_p_p_network_group": 0.67,
    "dvt_p_p_technical_group": 0.67,
    "dvt_treasury_withdrawal": 0.67,
    "dvt_update_to_constitution": 0.75,
    "epoch_no": 166,
    "extra_entropy": null,
    "gov_action_deposit": "100000000000",
    "gov_action_lifetime": 6,
    "influence": 0.3,
    "key_deposit": "2000000",
    "max_bh_size": 1100,
    "max_block_ex_mem": 62000000,
    "max_block_ex_steps": 20000000000,
    "max_block_size": 90112,
    "max_collateral_inputs": 3,
    "max_epoch": 18,
    "max_tx_ex_mem": 14000000,
    "max_tx_ex_steps": 10000000000,
    "max_tx_size": 16384,
    "max_val_size": 5000,
    "min_fee_a": 44,
    "min_fee_b": 155381,
    "min_fee_ref_script_cost_per_byte": 15,
    "min_pool_cost": "170000000",
    "min_utxo_value": "0",
    "monetary_expand_rate": 0.003,
    "nonce": "b2853ec951e7ed91b674a47c8276189f414e22b19d61d9da0ac7490801e4bf0d",
    "optimal_pool_count": 500,
    "pool_deposit": "500000000",
    "price_mem": 0.0577,
    "price_step": 0.0000721,
    "protocol_major": 9,
    "protocol_minor": 0,
    "pvt_committee_no_confidence": 0.51,
    "pvt_committee_normal": 0.51,
    "pvt_hard_fork_initiation": 0.51,
    "pvt_motion_no_confidence": 0.51,
    "pvtpp_security_group": 0.51,
    "treasury_growth_rate": 0.2
  }
]
