[
  {
    "creation_tx_hash": "816f1a72eb48d00be117e603af7cedbd6040565fde5714fa0c2e159d60142c6c",
    "script_hash": "0000001c1f5134859ee40556e75834b9929d1b393ab94858a3d27ae0",
    "size": null,
    "type": "timelock"
  },
  {
    "creation_tx_hash": "144550c5983ba93989bbeef9692c7a5240ff7fd27d868682241d80a0956e0a23",
    "script_hash": "000156e00164e132b576b87e5ae164ad20c7627e3356fb005e0958b6",
    "size": null,
    "type": "timelock"
  },
  {
    "creation_tx_hash": "440ecc4505b6a775941a63a5ec4041ae2343da2cb5156b1518d6374047c5cb9b",
    "script_hash": "0003d87a76ebb7e17a8a1fcc0d0c91b7034fb1d9522a855fdfc59aab",
    "size": null,
    "type": "timelock"
  },
  {
    "creation_tx_hash": "0f2b059af509b8fb40a37d8d1abf4e697db8f9cad78837e1829e56f6e1df41d7",
    "script_hash": "00041a76a90a8cf99d942520268e158688a83ad8f6a6bc275d96cc75",
    "size": null,
    "type": "timelock"
  },
  {
    "creation_tx_hash": "30b124681178be0a33c19c971ef7bfbc96f4c70d1b1c5902fd1c44ce8e844aa2",
    "script_hash": "00052aa25a913260873baac306223b377b2cae3102e161599d08c0d9",
    "size": null,
    "type": "timelock"
  },
  {
    "creation_tx_hash": "2a27ba6855652c0fcdea0ad9ec3d7a5a4585efa7ae5d79b7f451599cb6ad7831",
    "script_hash": "0005af26278bd34c4ed085df7fbf5df83e601f48f1509cea40198f2d",
    "size": null,
    "type": "timelock"
  },
  {
    "creation_tx_hash": "ab6ecede5943f7ec22a8d3110654fe67dcf5e6caaa8b227ba3569dee19559507",
    "script_hash": "00060258852fa742c99e353e991e7728297ba15198200476b8adbeab",
    "size": null,
    "type": "timelock"
  },
  {
    "creation_tx_hash": "667626e79e90a1d54fc582398404379bc9ed122fed851156cb1d51a93add2848",
    "script_hash": "00061bfd9b9556eb6de37f8cf085cab44d9e0d17299f7b72d5b620b1",
    "size": null,
    "type": "timelock"
  },
  {
    "creation_tx_hash": "57561931978c9ccd02c1e17b554109e58284cdc53dae83c6fca21a4bffce5c74",
    "script_hash": "000625f08eb649870e193f07c0f9090496b0eee906560498ceca5776",
    "size": null,
    "type": "timelock"
  },
  {
    "creation_tx_hash": "0bb1ca920e51662cd0bba0ba9cd0b891884c3e9a4da2daa0f79b76335dcd8689",
    "script_hash": "00080a4cfbfffd91731c7621a26f8174e7f495c399aeeec5ca3ca270",
    "size": null,
    "type": "timelock"
  }
]
