{
  "id": null,
  "jsonrpc": "2.0",
  "method": "queryLedgerState/proposedProtocolParameters",
  "result": []
}
