[
  {
    "asset_name": "7447454e53",
    "decimals": 6,
    "fingerprint": "asset1mvqjrt76g9yxsle3z92ums7snlpg02p274gek4",
    "total_supply": "100000000000000"
  }
]
