[
  {
    "active_epoch_no": 33,
    "block_hash": "1058980b16106c292f2903d3e8dfb28d021b291c8a2f3a9adab9cf2870f6bf7d",
    "block_height": 229845,
    "epoch_no": 31,
    "epoch_slot": 1126,
    "pool_id_bech32": "pool1t89nwdvpm8zc9whhnkr2mvvzayu3w9m06jc9yrd28w7lvm2r0y3",
    "tx_hash": "153f0249611215466082c30c8312f086f172fb40a6d0fdd410fbfad6635fb2d1"
  },
  {
    "active_epoch_no": 33,
    "block_hash": "271c09dee4b753a0830caa901cf14a5309400807456f65ef2d7d0eb4f3a9e086",
    "block_height": 230240,
    "epoch_no": 31,
    "epoch_slot": 12742,
    "pool_id_bech32": "pool1gvfth5tq0hdy3md9j33ee6wat7k04lnwjq4kmkjpmmrj7l99sxs",
    "tx_hash": "30583d5df13ec4917e47fbf8e195da89541445e459c4e8d0f924c5f5b0848ab0"
  },
  {
    "active_epoch_no": 34,
    "block_hash": "bb49c75e348b55453b7799a7fd3f983308901c958dec11d0f619eb3e1d11c06a",
    "block_height": 230329,
    "epoch_no": 31,
    "epoch_slot": 15398,
    "pool_id_bech32": "pool1tc3suyyxh9796rd92744mne82chxpmfc6mu7qgqzlx56sjfwvvl",
    "tx_hash": "5515097e773da21e6e8bed47ae9fbd8aee9a18ee9a3baea0f1e281b7d9dc8ed6"
  },
  {
    "active_epoch_no": 33,
    "block_hash": "1633dbe124e42f53f846bc0fe1c4e2904a1f58b721820c1074fd003061601d64",
    "block_height": 231077,
    "epoch_no": 31,
    "epoch_slot": 37334,
    "pool_id_bech32": "pool1mvgpsafktxs883p66awp7fplj73cj6j9hqdxzvqw494f7f0v2dp",
    "tx_hash": "12a7783a817f1b5477cc753074012ace6f89f37a36cd21613e8d9be5cb7ed863"
  },
  {
    "active_epoch_no": 34,
    "block_hash": "54c90a7f9107c4c8f01f915b3e8a11060dc0655c145748ad484a8e2de941c012",
    "block_height": 231949,
    "epoch_no": 31,
    "epoch_slot": 61714,
    "pool_id_bech32": "pool1zwmkuyzj8wykfdq98g28stkpq28k0f3l2xse384re5yfwap80ca",
    "tx_hash": "c1aaada3c5b58eb55fe066ed29f2baf79a273a42551efe7ad42eba83b05b67da"
  },
  {
    "active_epoch_no": 34,
    "block_hash": "e02c46dd0510c34bba986f4348bfe34d53b617271c39cd7f6458f7b22a5a84be",
    "block_height": 232165,
    "epoch_no": 31,
    "epoch_slot": 67863,
    "pool_id_bech32": "pool1m8crhnqj5k2kyszf5j2scshupystyxc887zdfrpzh6ty6eun4fx",
    "tx_hash": "e70423f4213dce996920e7a49f20524b4cd51c6c17716792eac131bdccd49468"
  },
  {
    "active_epoch_no": 33,
    "block_hash": "46fd3cfefa3ec19af65990cb8393eec1ddc64a9a51a5c1096bfad3316ac8a586",
    "block_height": 233241,
    "epoch_no": 31,
    "epoch_slot": 98918,
    "pool_id_bech32": "pool1s2drn889wxgszm055z4hj5nvevdtdx9q5lc66lwdvmcl2nvdq9y",
    "tx_hash": "88c772be82a1ebc739922f3ad15c05e38b3504a28208c586b7a2c0579f45c0de"
  },
  {
    "active_epoch_no": 33,
    "block_hash": "b6d9c3df8b65a39cd4803985010bd6f1b7af3fa4747a23f7ad11d14ddc4d2a4c",
    "block_height": 234223,
    "epoch_no": 31,
    "epoch_slot": 128255,
    "pool_id_bech32": "pool1xqhqfj4jnehs5zkmr2py40wkuztvwatx9p7gsdvpesj6x6tsyt2",
    "tx_hash": "91d18be26fd5f4c632cd5550d4458a06b70dc56bc4c87e8be9dff9f7954187d9"
  },
  {
    "active_epoch_no": 33,
    "block_hash": "a9008be5d6d48935fd0fa43bfd8827672b5de0db5fcd2d935b1fe7537342aae7",
    "block_height": 235497,
    "epoch_no": 31,
    "epoch_slot": 164775,
    "pool_id_bech32": "pool1y78qthpjc0zvqwu7nfgy7m756226fz83dkkyxargq0juskqy63q",
    "tx_hash": "f9eeea5f5b237a395d3ec0180a7af12f81bf4afadb60cd82e76ee2ac02d26968"
  },
  {
    "active_epoch_no": 33,
    "block_hash": "1d14408e7d17e1494bb56f417dc5cdca376d2006c2f3e6a487133efd69846907",
    "block_height": 236301,
    "epoch_no": 31,
    "epoch_slot": 187846,
    "pool_id_bech32": "pool1jtxnlht8rlu4xhlucydej6584uv3px57urlu3demtm55cxe2azp",
    "tx_hash": "d41ad633532ea48f2e6599bc051d52b2b4b578fd2dcf1ff0cbd9f113a9876003"
  },
  {
    "active_epoch_no": 34,
    "block_hash": "a6c7f2014c900e7393efd959226c34b2c80dd71d63d30691e1fd973679e01950",
    "block_height": 236410,
    "epoch_no": 31,
    "epoch_slot": 190733,
    "pool_id_bech32": "pool1jtxnlht8rlu4xhlucydej6584uv3px57urlu3demtm55cxe2azp",
    "tx_hash": "5d9d5358c64c5aa82d120acca0db67052b0db8a70914ca74bf153b68f100afa4"
  },
  {
    "active_epoch_no": 34,
    "block_hash": "6513e973183c1208a17e79ca5282b3a73da7533e029aa8f348cee8ecc55e6fbf",
    "block_height": 236900,
    "epoch_no": 31,
    "epoch_slot": 203967,
    "pool_id_bech32": "pool13fmuunlup35sgxt8t2jnjm0e5wxfe5swxeyr6tfyvh8gv9hdz68",
    "tx_hash": "45e0d207d0886f5ca6b8761d4e9e367f2c8492dc74845ea7aeaf1b3675c21894"
  },
  {
    "active_epoch_no": 33,
    "block_hash": "08c29e3a0e8dcd02c66dbc2ff6c249e17724b699ce38804694deb5614b30fc6f",
    "block_height": 237134,
    "epoch_no": 31,
    "epoch_slot": 211166,
    "pool_id_bech32": "pool187yqngpdck7j8pa7r9hhp3fpxem478fqw2nklyr59ppkwystqdl",
    "tx_hash": "21905f38a6b00c570979bd9baec08b13b77787220a0c4e6549b7a8fa018a4603"
  },
  {
    "active_epoch_no": 33,
    "block_hash": "01d33e7e1f0bfb77f4d763d813324ab39f92afe440d06d8ea315f44264268a84",
    "block_height": 239385,
    "epoch_no": 31,
    "epoch_slot": 264206,
    "pool_id_bech32": "pool1j8jjj8y07k5kh2ur8usekj5w0y4swl8khd2lgn8ghlfsuwexwf9",
    "tx_hash": "db07749568f3e723bb42381079204bfed36d61b64109f7c2d4b854fb03eceb86"
  },
  {
    "active_epoch_no": 34,
    "block_hash": "9685d71139caaf566405e18dc4478183201ab1f561b3f4aea33f58a967ef9c73",
    "block_height": 240081,
    "epoch_no": 31,
    "epoch_slot": 278401,
    "pool_id_bech32": "pool1pmvsu5kmy9nt82qwqugcsku5772sls8r3x99ww5tnzcwjzpvy4n",
    "tx_hash": "e52a5b2f602defa2ee2af426f43a7bbc744fe81028219aad2a1b424ed6b78f96"
  },
  {
    "active_epoch_no": 33,
    "block_hash": "400a1a893a276dcc61d028afd014c99c075494cc9db107d55b0248e6adc94f37",
    "block_height": 240352,
    "epoch_no": 31,
    "epoch_slot": 284323,
    "pool_id_bech32": "pool1gme3a0y0hqz2kmyvn5kqp6ngf74nw2uzypvw0ynxrfysug6p9fz",
    "tx_hash": "aed0be93dce72b7e3bf765cce8480e87779e8a35e91545658420bf6890e14859"
  },
  {
    "active_epoch_no": 34,
    "block_hash": "6b87d0ac54374cb4d9d7bccf9547ffb936d80969507c0a46084cc05574b1629d",
    "block_height": 240357,
    "epoch_no": 31,
    "epoch_slot": 284399,
    "pool_id_bech32": "pool1gme3a0y0hqz2kmyvn5kqp6ngf74nw2uzypvw0ynxrfysug6p9fz",
    "tx_hash": "b5d06aac7a78f20c4c1cb31333bae03bbfc5dfc14eee2c969040932345b917f6"
  },
  {
    "active_epoch_no": 33,
    "block_hash": "e50476648fe9329f6aa7077ab3fbb755684a97ca5ed9d1e4b4abca20572f31f2",
    "block_height": 242067,
    "epoch_no": 31,
    "epoch_slot": 317325,
    "pool_id_bech32": "pool160u5drqagq5k4mwghps36cvq7e6vcptm5r8tnkpcpkhwvrm2gad",
    "tx_hash": "8200982426d2b87b354d9d40ca9125a60d492a443764b0799b77e68092c31687"
  },
  {
    "active_epoch_no": 33,
    "block_hash": "c88cfe70df181e3dff6f4d1de4150286eed11bbd937653b70f92250094db8dac",
    "block_height": 242559,
    "epoch_no": 31,
    "epoch_slot": 328264,
    "pool_id_bech32": "pool13la5erny3srx9u4fz9tujtl2490350f89r4w4qjhk0vdjmuv78v",
    "tx_hash": "e6e7e7e137744d01d3e5a9ab2df3bd31dbc5720d5565e37dd0ef7b3ace486672"
  },
  {
    "active_epoch_no": 34,
    "block_hash": "9553d8ae9303d276c04c9261e05b740fe30492c1a2260a7857fca379c7d586d3",
    "block_height": 243271,
    "epoch_no": 31,
    "epoch_slot": 343411,
    "pool_id_bech32": "pool1vqq4hdwrh442u97e2jh6k4xuscs3x5mqjjrn8daj36y7gt2rj85",
    "tx_hash": "f08a4c9ec9362a19348b80993c50bab909c1f9d6e31ba1ec6208050c6deed881"
  },
  {
    "active_epoch_no": 33,
    "block_hash": "2eb16dd643ad58eb85a7027935669a0e1158984b1e7babf2e969b9502e604a96",
    "block_height": 245509,
    "epoch_no": 31,
    "epoch_slot": 388147,
    "pool_id_bech32": "pool175lu3gm2rmvqpsrg6m82zvdmqaaryeqmsvjj7qyvvj20vxunc60",
    "tx_hash": "55fc4cf95a663708d4e279213994883ff67f925472240e56b1a986576bc3ad77"
  },
  {
    "active_epoch_no": 34,
    "block_hash": "b681294e59969ddf822cf7b49aa1d8c580692dbc8c15d1fcb14a8df39cb48e2e",
    "block_height": 247653,
    "epoch_no": 31,
    "epoch_slot": 430970,
    "pool_id_bech32": "pool1jtxnlht8rlu4xhlucydej6584uv3px57urlu3demtm55cxe2azp",
    "tx_hash": "72f12b84ea35eb71fb7b13da3f288648aac6e60ca523331360d9ad981510ce11"
  }
]
