[
  {
    "amount": "1014181358374",
    "epoch_no": 166,
    "stake_address": "stake_test1uqsuapx9v8kx6uayjtey96dw5ey3xtlkwdl6ad0cext6qds4z58r8"
  },
  {
    "amount": "40227224649",
    "epoch_no": 166,
    "stake_address": "stake_test1ur07tmrmantvhnt7d7gkyzvfvqy7unr25w4mhnm6yy9gx8gvgrahd"
  }
]
