[
  {
    "active_epoch_no": 167,
    "block_hash": "50588ce1b79f9835533e77b10ad4358dd6cdeae2dedf7a26b4fa1de5b97c9c6c",
    "block_height": 2682447,
    "epoch_no": 166,
    "epoch_slot": 396735,
    "pool_id_bech32": "pool1v7e8jk6vt2725t3p7w4x33pqwd4lynsragktq7rv8s4n2ngmpdn",
    "tx_hash": "7161a2c835a3646a968ebd7ddf1db05d2eb5544a4cd5b3879f56315784de529e"
  }
]
