[
  {
    "committee_abstain_votes_cast": 0,
    "committee_no_pct": 85.71,
    "committee_no_votes_cast": 0,
    "committee_yes_pct": 14.29,
    "committee_yes_votes_cast": 1,
    "drep_abstain_votes_cast": 0,
    "drep_active_abstain_vote_power": "0",
    "drep_active_no_vote_power": "0",
    "drep_active_yes_vote_power": "5049365534535",
    "drep_always_abstain_vote_power": "4684273249121",
    "drep_always_no_confidence_vote_power": "194185273997",
    "drep_no_pct": 14.46,
    "drep_no_vote_power": "853323424014",
    "drep_no_votes_cast": 0,
    "drep_yes_pct": 85.54,
    "drep_yes_vote_power": "5049365534535",
    "drep_yes_votes_cast": 2,
    "epoch_no": 172,
    "pool_abstain_votes_cast": 0,
    "pool_active_abstain_vote_power": "0",
    "pool_active_no_vote_power": "1277986846045",
    "pool_active_yes_vote_power": "1059392028772",
    "pool_no_pct": 99.69,
    "pool_no_vote_power": "337246535219083",
    "pool_no_votes_cast": 1,
    "pool_passive_always_abstain_vote_power": "9975912931",
    "pool_passive_always_abstain_votes_assigned": 1,
    "pool_passive_always_no_confidence_vote_power": "5026095414",
    "pool_passive_always_no_confidence_votes_assigned": 1,
    "pool_yes_pct": 0.31,
    "pool_yes_vote_power": "1059392028772",
    "pool_yes_votes_cast": 1,
    "proposal_type": "InfoAction"
  }
]
