[
  {
    "bytes": "583e0100003232322253335734a0062930b0a99ab9c3002300149115456e7465726564206d61696e2066756e6374696f6e0014a246ea4dcc00091b99375c0021",
    "creation_tx_hash": "cfee10898256389755c35477c3f0af8b06c1bce1620625f9a610512b3c4f3b14",
    "script_hash": "a8e9f8f34fd631b1d5b9f41a90f4abc0d3935cea7baba0bb34c96f59",
    "size": 64,
    "type": "plutusV2",
    "value": null
  },
  {
    "bytes": "582f01000032323232323222253335734660080060042930b11198031802001180180080100090008009119baf00200101",
    "creation_tx_hash": "d11467122c5da230a395ac64c9948cbef43c07ebda241be8f25d9c9ada91148c",
    "script_hash": "b4fd6dfe4a643aeec5d75dbb1f27198fc2aabf30bf92ed5470253792",
    "size": 49,
    "type": "plutusV1",
    "value": null
  }
]
