[
  {
    "address": "addr_test1qqmw90yae9yk8xu69g0tk8n3wl7z425jtj295w9p60p52rea3e6ktfccmms7t7gfw7nmkxwlr8uty652uw8jq5klx3hqvj9jf7",
    "asset_list": null,
    "block_height": 183482,
    "block_time": 1666472930,
    "datum_hash": null,
    "epoch_no": 28,
    "inline_datum": null,
    "is_spent": false,
    "payment_cred": "36e2bc9dc949639b9a2a1ebb1e7177fc2aaa925c945a38a1d3c3450f",
    "reference_script": null,
    "stake_address": "stake_test1uq7cuat95uvdac09lyyh0famr803n79jd29w8req2t0ngmslq5e0j",
    "tx_hash": "40d294584fa9ff1640bc2246009836f825a5ca561b6c6e3200d368ed364c17cd",
    "tx_index": 0,
    "value": "1142150"
  },
  {
    "address": "addr_test1qqmw90yae9yk8xu69g0tk8n3wl7z425jtj295w9p60p52rea3e6ktfccmms7t7gfw7nmkxwlr8uty652uw8jq5klx3hqvj9jf7",
    "asset_list": null,
    "block_height": 183482,
    "block_time": 1666472930,
    "datum_hash": null,
    "epoch_no": 28,
    "inline_datum": null,
    "is_spent": false,
    "payment_cred": "36e2bc9dc949639b9a2a1ebb1e7177fc2aaa925c945a38a1d3c3450f",
    "reference_script": null,
    "stake_address": "stake_test1uq7cuat95uvdac09lyyh0famr803n79jd29w8req2t0ngmslq5e0j",
    "tx_hash": "40d294584fa9ff1640bc2246009836f825a5ca561b6c6e3200d368ed364c17cd",
    "tx_index": 2,
    "value": "1142150"
  },
  {
    "address": "addr_test1qqmw90yae9yk8xu69g0tk8n3wl7z425jtj295w9p60p52rea3e6ktfccmms7t7gfw7nmkxwlr8uty652uw8jq5klx3hqvj9jf7",
    "asset_list": null,
    "block_height": 183482,
    "block_time": 1666472930,
    "datum_hash": null,
    "epoch_no": 28,
    "inline_datum": null,
    "is_spent": false,
    "payment_cred": "36e2bc9dc949639b9a2a1ebb1e7177fc2aaa925c945a38a1d3c3450f",
    "reference_script": null,
    "stake_address": "stake_test1uq7cuat95uvdac09lyyh0famr803n79jd29w8req2t0ngmslq5e0j",
    "tx_hash": "40d294584fa9ff1640bc2246009836f825a5ca561b6c6e3200d368ed364c17cd",
    "tx_index": 3,
    "value": "1142150"
  },
  {
    "address": "addr_test1qqmw90yae9yk8xu69g0tk8n3wl7z425jtj295w9p60p52rea3e6ktfccmms7t7gfw7nmkxwlr8uty652uw8jq5klx3hqvj9jf7",
    "asset_list": null,
    "block_height": 183482,
    "block_time": 1666472930,
    "datum_hash": null,
    "epoch_no": 28,
    "inline_datum": null,
    "is_spent": false,
    "payment_cred": "36e2bc9dc949639b9a2a1ebb1e7177fc2aaa925c945a38a1d3c3450f",
    "reference_script": null,
    "stake_address": "stake_test1uq7cuat95uvdac09lyyh0famr803n79jd29w8req2t0ngmslq5e0j",
    "tx_hash": "40d294584fa9ff1640bc2246009836f825a5ca561b6c6e3200d368ed364c17cd",
    "tx_index": 5,
    "value": "1142150"
  },
  {
    "address": "addr_test1qqmw90yae9yk8xu69g0tk8n3wl7z425jtj295w9p60p52rea3e6ktfccmms7t7gfw7nmkxwlr8uty652uw8jq5klx3hqvj9jf7",
    "asset_list": null,
    "block_height": 183482,
    "block_time": 1666472930,
    "datum_hash": null,
    "epoch_no": 28,
    "inline_datum": null,
    "is_spent": false,
    "payment_cred": "36e2bc9dc949639b9a2a1ebb1e7177fc2aaa925c945a38a1d3c3450f",
    "reference_script": null,
    "stake_address": "stake_test1uq7cuat95uvdac09lyyh0famr803n79jd29w8req2t0ngmslq5e0j",
    "tx_hash": "40d294584fa9ff1640bc2246009836f825a5ca561b6c6e3200d368ed364c17cd",
    "tx_index": 7,
    "value": "1142150"
  },
  {
    "address": "addr_test1qqmw90yae9yk8xu69g0tk8n3wl7z425jtj295w9p60p52rea3e6ktfccmms7t7gfw7nmkxwlr8uty652uw8jq5klx3hqvj9jf7",
    "asset_list": null,
    "block_height": 183482,
    "block_time": 1666472930,
    "datum_hash": null,
    "epoch_no": 28,
    "inline_datum": null,
    "is_spent": false,
    "payment_cred": "36e2bc9dc949639b9a2a1ebb1e7177fc2aaa925c945a38a1d3c3450f",
    "reference_script": null,
    "stake_address": "stake_test1uq7cuat95uvdac09lyyh0famr803n79jd29w8req2t0ngmslq5e0j",
    "tx_hash": "40d294584fa9ff1640bc2246009836f825a5ca561b6c6e3200d368ed364c17cd",
    "tx_index": 8,
    "value": "1142150"
  },
  {
    "address": "addr_test1qqmw90yae9yk8xu69g0tk8n3wl7z425jtj295w9p60p52rea3e6ktfccmms7t7gfw7nmkxwlr8uty652uw8jq5klx3hqvj9jf7",
    "asset_list": null,
    "block_height": 183482,
    "block_time": 1666472930,
    "datum_hash": null,
    "epoch_no": 28,
    "inline_datum": null,
    "is_spent": false,
    "payment_cred": "36e2bc9dc949639b9a2a1ebb1e7177fc2aaa925c945a38a1d3c3450f",
    "reference_script": null,
    "stake_address": "stake_test1uq7cuat95uvdac09lyyh0famr803n79jd29w8req2t0ngmslq5e0j",
    "tx_hash": "40d294584fa9ff1640bc2246009836f825a5ca561b6c6e3200d368ed364c17cd",
    "tx_index": 10,
    "value": "1146460"
  },
  {
    "address": "addr_test1qqmw90yae9yk8xu69g0tk8n3wl7z425jtj295w9p60p52rea3e6ktfccmms7t7gfw7nmkxwlr8uty652uw8jq5klx3hqvj9jf7",
    "asset_list": null,
    "block_height": 183482,
    "block_time": 1666472930,
    "datum_hash": null,
    "epoch_no": 28,
    "inline_datum": null,
    "is_spent": false,
    "payment_cred": "36e2bc9dc949639b9a2a1ebb1e7177fc2aaa925c945a38a1d3c3450f",
    "reference_script": null,
    "stake_address": "stake_test1uq7cuat95uvdac09lyyh0famr803n79jd29w8req2t0ngmslq5e0j",
    "tx_hash": "40d294584fa9ff1640bc2246009836f825a5ca561b6c6e3200d368ed364c17cd",
    "tx_index": 11,
    "value": "1146460"
  },
  {
    "address": "addr_test1qqmw90yae9yk8xu69g0tk8n3wl7z425jtj295w9p60p52rea3e6ktfccmms7t7gfw7nmkxwlr8uty652uw8jq5klx3hqvj9jf7",
    "asset_list": null,
    "block_height": 183482,
    "block_time": 1666472930,
    "datum_hash": null,
    "epoch_no": 28,
    "inline_datum": null,
    "is_spent": false,
    "payment_cred": "36e2bc9dc949639b9a2a1ebb1e7177fc2aaa925c945a38a1d3c3450f",
    "reference_script": null,
    "stake_address": "stake_test1uq7cuat95uvdac09lyyh0famr803n79jd29w8req2t0ngmslq5e0j",
    "tx_hash": "40d294584fa9ff1640bc2246009836f825a5ca561b6c6e3200d368ed364c17cd",
    "tx_index": 12,
    "value": "1146460"
  },
  {
    "address": "addr_test1qqmw90yae9yk8xu69g0tk8n3wl7z425jtj295w9p60p52rea3e6ktfccmms7t7gfw7nmkxwlr8uty652uw8jq5klx3hqvj9jf7",
    "asset_list": null,
    "block_height": 183482,
    "block_time": 1666472930,
    "datum_hash": null,
    "epoch_no": 28,
    "inline_datum": null,
    "is_spent": false,
    "payment_cred": "36e2bc9dc949639b9a2a1ebb1e7177fc2aaa925c945a38a1d3c3450f",
    "reference_script": null,
    "stake_address": "stake_test1uq7cuat95uvdac09lyyh0famr803n79jd29w8req2t0ngmslq5e0j",
    "tx_hash": "40d294584fa9ff1640bc2246009836f825a5ca561b6c6e3200d368ed364c17cd",
    "tx_index": 13,
    "value": "1146460"
  },
  {
    "address": "addr_test1qqmw90yae9yk8xu69g0tk8n3wl7z425jtj295w9p60p52rea3e6ktfccmms7t7gfw7nmkxwlr8uty652uw8jq5klx3hqvj9jf7",
    "asset_list": null,
    "block_height": 183482,
    "block_time": 1666472930,
    "datum_hash": null,
    "epoch_no": 28,
    "inline_datum": null,
    "is_spent": false,
    "payment_cred": "36e2bc9dc949639b9a2a1ebb1e7177fc2aaa925c945a38a1d3c3450f",
    "reference_script": null,
    "stake_address": "stake_test1uq7cuat95uvdac09lyyh0famr803n79jd29w8req2t0ngmslq5e0j",
    "tx_hash": "40d294584fa9ff1640bc2246009836f825a5ca561b6c6e3200d368ed364c17cd",
    "tx_index": 14,
    "value": "1146460"
  },
  {
    "address": "addr_test1qqmw90yae9yk8xu69g0tk8n3wl7z425jtj295w9p60p52rea3e6ktfccmms7t7gfw7nmkxwlr8uty652uw8jq5klx3hqvj9jf7",
    "asset_list": null,
    "block_height": 183482,
    "block_time": 1666472930,
    "datum_hash": null,
    "epoch_no": 28,
    "inline_datum": null,
    "is_spent": false,
    "payment_cred": "36e2bc9dc949639b9a2a1ebb1e7177fc2aaa925c945a38a1d3c3450f",
    "reference_script": null,
    "stake_address": "stake_test1uq7cuat95uvdac09lyyh0famr803n79jd29w8req2t0ngmslq5e0j",
    "tx_hash": "40d294584fa9ff1640bc2246009836f825a5ca561b6c6e3200d368ed364c17cd",
    "tx_index": 15,
    "value": "1146460"
  },
  {
    "address": "addr_test1qqmw90yae9yk8xu69g0tk8n3wl7z425jtj295w9p60p52rea3e6ktfccmms7t7gfw7nmkxwlr8uty652uw8jq5klx3hqvj9jf7",
    "asset_list": null,
    "block_height": 183482,
    "block_time": 1666472930,
    "datum_hash": null,
    "epoch_no": 28,
    "inline_datum": null,
    "is_spent": false,
    "payment_cred": "36e2bc9dc949639b9a2a1ebb1e7177fc2aaa925c945a38a1d3c3450f",
    "reference_script": null,
    "stake_address": "stake_test1uq7cuat95uvdac09lyyh0famr803n79jd29w8req2t0ngmslq5e0j",
    "tx_hash": "40d294584fa9ff1640bc2246009836f825a5ca561b6c6e3200d368ed364c17cd",
    "tx_index": 16,
    "value": "1146460"
  },
  {
    "address": "addr_test1qqmw90yae9yk8xu69g0tk8n3wl7z425jtj295w9p60p52rea3e6ktfccmms7t7gfw7nmkxwlr8uty652uw8jq5klx3hqvj9jf7",
    "asset_list": null,
    "block_height": 183482,
    "block_time": 1666472930,
    "datum_hash": null,
    "epoch_no": 28,
    "inline_datum": null,
    "is_spent": false,
    "payment_cred": "36e2bc9dc949639b9a2a1ebb1e7177fc2aaa925c945a38a1d3c3450f",
    "reference_script": null,
    "stake_address": "stake_test1uq7cuat95uvdac09lyyh0famr803n79jd29w8req2t0ngmslq5e0j",
    "tx_hash": "40d294584fa9ff1640bc2246009836f825a5ca561b6c6e3200d368ed364c17cd",
    "tx_index": 17,
    "value": "1146460"
  },
  {
    "address": "addr_test1qqmw90yae9yk8xu69g0tk8n3wl7z425jtj295w9p60p52rea3e6ktfccmms7t7gfw7nmkxwlr8uty652uw8jq5klx3hqvj9jf7",
    "asset_list": null,
    "block_height": 183482,
    "block_time": 1666472930,
    "datum_hash": null,
    "epoch_no": 28,
    "inline_datum": null,
    "is_spent": false,
    "payment_cred": "36e2bc9dc949639b9a2a1ebb1e7177fc2aaa925c945a38a1d3c3450f",
    "reference_script": null,
    "stake_address": "stake_test1uq7cuat95uvdac09lyyh0famr803n79jd29w8req2t0ngmslq5e0j",
    "tx_hash": "40d294584fa9ff1640bc2246009836f825a5ca561b6c6e3200d368ed364c17cd",
    "tx_index": 18,
    "value": "1146460"
  },
  {
    "address": "addr_test1qqmw90yae9yk8xu69g0tk8n3wl7z425jtj295w9p60p52rea3e6ktfccmms7t7gfw7nmkxwlr8uty652uw8jq5klx3hqvj9jf7",
    "asset_list": null,
    "block_height": 183482,
    "block_time": 1666472930,
    "datum_hash": null,
    "epoch_no": 28,
    "inline_datum": null,
    "is_spent": false,
    "payment_cred": "36e2bc9dc949639b9a2a1ebb1e7177fc2aaa925c945a38a1d3c3450f",
    "reference_script": null,
    "stake_address": "stake_test1uq7cuat95uvdac09lyyh0famr803n79jd29w8req2t0ngmslq5e0j",
    "tx_hash": "40d294584fa9ff1640bc2246009836f825a5ca561b6c6e3200d368ed364c17cd",
    "tx_index": 21,
    "value": "1146460"
  },
  {
    "address": "addr_test1qqmw90yae9yk8xu69g0tk8n3wl7z425jtj295w9p60p52rea3e6ktfccmms7t7gfw7nmkxwlr8uty652uw8jq5klx3hqvj9jf7",
    "asset_list": null,
    "block_height": 183482,
    "block_time": 1666472930,
    "datum_hash": null,
    "epoch_no": 28,
    "inline_datum": null,
    "is_spent": false,
    "payment_cred": "36e2bc9dc949639b9a2a1ebb1e7177fc2aaa925c945a38a1d3c3450f",
    "reference_script": null,
    "stake_address": "stake_test1uq7cuat95uvdac09lyyh0famr803n79jd29w8req2t0ngmslq5e0j",
    "tx_hash": "40d294584fa9ff1640bc2246009836f825a5ca561b6c6e3200d368ed364c17cd",
    "tx_index": 22,
    "value": "1146460"
  },
  {
    "address": "addr_test1qqmw90yae9yk8xu69g0tk8n3wl7z425jtj295w9p60p52rea3e6ktfccmms7t7gfw7nmkxwlr8uty652uw8jq5klx3hqvj9jf7",
    "asset_list": null,
    "block_height": 183482,
    "block_time": 1666472930,
    "datum_hash": null,
    "epoch_no": 28,
    "inline_datum": null,
    "is_spent": false,
    "payment_cred": "36e2bc9dc949639b9a2a1ebb1e7177fc2aaa925c945a38a1d3c3450f",
    "reference_script": null,
    "stake_address": "stake_test1uq7cuat95uvdac09lyyh0famr803n79jd29w8req2t0ngmslq5e0j",
    "tx_hash": "40d294584fa9ff1640bc2246009836f825a5ca561b6c6e3200d368ed364c17cd",
    "tx_index": 23,
    "value": "1146460"
  },
  {
    "address": "addr_test1qqmw90yae9yk8xu69g0tk8n3wl7z425jtj295w9p60p52rea3e6ktfccmms7t7gfw7nmkxwlr8uty652uw8jq5klx3hqvj9jf7",
    "asset_list": null,
    "block_height": 183482,
    "block_time": 1666472930,
    "datum_hash": null,
    "epoch_no": 28,
    "inline_datum": null,
    "is_spent": false,
    "payment_cred": "36e2bc9dc949639b9a2a1ebb1e7177fc2aaa925c945a38a1d3c3450f",
    "reference_script": null,
    "stake_address": "stake_test1uq7cuat95uvdac09lyyh0famr803n79jd29w8req2t0ngmslq5e0j",
    "tx_hash": "40d294584fa9ff1640bc2246009836f825a5ca561b6c6e3200d368ed364c17cd",
    "tx_index": 24,
    "value": "1146460"
  },
  {
    "address": "addr_test1qqmw90yae9yk8xu69g0tk8n3wl7z425jtj295w9p60p52rea3e6ktfccmms7t7gfw7nmkxwlr8uty652uw8jq5klx3hqvj9jf7",
    "asset_list": null,
    "block_height": 183482,
    "block_time": 1666472930,
    "datum_hash": null,
    "epoch_no": 28,
    "inline_datum": null,
    "is_spent": false,
    "payment_cred": "36e2bc9dc949639b9a2a1ebb1e7177fc2aaa925c945a38a1d3c3450f",
    "reference_script": null,
    "stake_address": "stake_test1uq7cuat95uvdac09lyyh0famr803n79jd29w8req2t0ngmslq5e0j",
    "tx_hash": "40d294584fa9ff1640bc2246009836f825a5ca561b6c6e3200d368ed364c17cd",
    "tx_index": 26,
    "value": "1146460"
  },
  {
    "address": "addr_test1qqmw90yae9yk8xu69g0tk8n3wl7z425jtj295w9p60p52rea3e6ktfccmms7t7gfw7nmkxwlr8uty652uw8jq5klx3hqvj9jf7",
    "asset_list": null,
    "block_height": 183482,
    "block_time": 1666472930,
    "datum_hash": null,
    "epoch_no": 28,
    "inline_datum": null,
    "is_spent": false,
    "payment_cred": "36e2bc9dc949639b9a2a1ebb1e7177fc2aaa925c945a38a1d3c3450f",
    "reference_script": null,
    "stake_address": "stake_test1uq7cuat95uvdac09lyyh0famr803n79jd29w8req2t0ngmslq5e0j",
    "tx_hash": "40d294584fa9ff1640bc2246009836f825a5ca561b6c6e3200d368ed364c17cd",
    "tx_index": 30,
    "value": "1146460"
  },
  {
    "address": "addr_test1qqmw90yae9yk8xu69g0tk8n3wl7z425jtj295w9p60p52rea3e6ktfccmms7t7gfw7nmkxwlr8uty652uw8jq5klx3hqvj9jf7",
    "asset_list": null,
    "block_height": 183482,
    "block_time": 1666472930,
    "datum_hash": null,
    "epoch_no": 28,
    "inline_datum": null,
    "is_spent": false,
    "payment_cred": "36e2bc9dc949639b9a2a1ebb1e7177fc2aaa925c945a38a1d3c3450f",
    "reference_script": null,
    "stake_address": "stake_test1uq7cuat95uvdac09lyyh0famr803n79jd29w8req2t0ngmslq5e0j",
    "tx_hash": "40d294584fa9ff1640bc2246009836f825a5ca561b6c6e3200d368ed364c17cd",
    "tx_index": 31,
    "value": "1146460"
  },
  {
    "address": "addr_test1qqmw90yae9yk8xu69g0tk8n3wl7z425jtj295w9p60p52rea3e6ktfccmms7t7gfw7nmkxwlr8uty652uw8jq5klx3hqvj9jf7",
    "asset_list": null,
    "block_height": 183482,
    "block_time": 1666472930,
    "datum_hash": null,
    "epoch_no": 28,
    "inline_datum": null,
    "is_spent": false,
    "payment_cred": "36e2bc9dc949639b9a2a1ebb1e7177fc2aaa925c945a38a1d3c3450f",
    "reference_script": null,
    "stake_address": "stake_test1uq7cuat95uvdac09lyyh0famr803n79jd29w8req2t0ngmslq5e0j",
    "tx_hash": "40d294584fa9ff1640bc2246009836f825a5ca561b6c6e3200d368ed364c17cd",
    "tx_index": 32,
    "value": "1146460"
  },
  {
    "address": "addr_test1qqmw90yae9yk8xu69g0tk8n3wl7z425jtj295w9p60p52rea3e6ktfccmms7t7gfw7nmkxwlr8uty652uw8jq5klx3hqvj9jf7",
    "asset_list": null,
    "block_height": 183482,
    "block_time": 1666472930,
    "datum_hash": null,
    "epoch_no": 28,
    "inline_datum": null,
    "is_spent": false,
    "payment_cred": "36e2bc9dc949639b9a2a1ebb1e7177fc2aaa925c945a38a1d3c3450f",
    "reference_script": null,
    "stake_address": "stake_test1uq7cuat95uvdac09lyyh0famr803n79jd29w8req2t0ngmslq5e0j",
    "tx_hash": "40d294584fa9ff1640bc2246009836f825a5ca561b6c6e3200d368ed364c17cd",
    "tx_index": 35,
    "value": "1146460"
  },
  {
    "address": "addr_test1qqmw90yae9yk8xu69g0tk8n3wl7z425jtj295w9p60p52rea3e6ktfccmms7t7gfw7nmkxwlr8uty652uw8jq5klx3hqvj9jf7",
    "asset_list": null,
    "block_height": 183482,
    "block_time": 1666472930,
    "datum_hash": null,
    "epoch_no": 28,
    "inline_datum": null,
    "is_spent": false,
    "payment_cred": "36e2bc9dc949639b9a2a1ebb1e7177fc2aaa925c945a38a1d3c3450f",
    "reference_script": null,
    "stake_address": "stake_test1uq7cuat95uvdac09lyyh0famr803n79jd29w8req2t0ngmslq5e0j",
    "tx_hash": "40d294584fa9ff1640bc2246009836f825a5ca561b6c6e3200d368ed364c17cd",
    "tx_index": 38,
    "value": "1146460"
  },
  {
    "address": "addr_test1qqmw90yae9yk8xu69g0tk8n3wl7z425jtj295w9p60p52rea3e6ktfccmms7t7gfw7nmkxwlr8uty652uw8jq5klx3hqvj9jf7",
    "asset_list": null,
    "block_height": 183482,
    "block_time": 1666472930,
    "datum_hash": null,
    "epoch_no": 28,
    "inline_datum": null,
    "is_spent": false,
    "payment_cred": "36e2bc9dc949639b9a2a1ebb1e7177fc2aaa925c945a38a1d3c3450f",
    "reference_script": null,
    "stake_address": "stake_test1uq7cuat95uvdac09lyyh0famr803n79jd29w8req2t0ngmslq5e0j",
    "tx_hash": "40d294584fa9ff1640bc2246009836f825a5ca561b6c6e3200d368ed364c17cd",
    "tx_index": 39,
    "value": "1146460"
  },
  {
    "address": "addr_test1qqmw90yae9yk8xu69g0tk8n3wl7z425jtj295w9p60p52rea3e6ktfccmms7t7gfw7nmkxwlr8uty652uw8jq5klx3hqvj9jf7",
    "asset_list": null,
    "block_height": 183482,
    "block_time": 1666472930,
    "datum_hash": null,
    "epoch_no": 28,
    "inline_datum": null,
    "is_spent": false,
    "payment_cred": "36e2bc9dc949639b9a2a1ebb1e7177fc2aaa925c945a38a1d3c3450f",
    "reference_script": null,
    "stake_address": "stake_test1uq7cuat95uvdac09lyyh0famr803n79jd29w8req2t0ngmslq5e0j",
    "tx_hash": "40d294584fa9ff1640bc2246009836f825a5ca561b6c6e3200d368ed364c17cd",
    "tx_index": 40,
    "value": "1146460"
  },
  {
    "address": "addr_test1qqmw90yae9yk8xu69g0tk8n3wl7z425jtj295w9p60p52rea3e6ktfccmms7t7gfw7nmkxwlr8uty652uw8jq5klx3hqvj9jf7",
    "asset_list": null,
    "block_height": 183482,
    "block_time": 1666472930,
    "datum_hash": null,
    "epoch_no": 28,
    "inline_datum": null,
    "is_spent": false,
    "payment_cred": "36e2bc9dc949639b9a2a1ebb1e7177fc2aaa925c945a38a1d3c3450f",
    "reference_script": null,
    "stake_address": "stake_test1uq7cuat95uvdac09lyyh0famr803n79jd29w8req2t0ngmslq5e0j",
    "tx_hash": "40d294584fa9ff1640bc2246009836f825a5ca561b6c6e3200d368ed364c17cd",
    "tx_index": 41,
    "value": "1146460"
  },
  {
    "address": "addr_test1qqmw90yae9yk8xu69g0tk8n3wl7z425jtj295w9p60p52rea3e6ktfccmms7t7gfw7nmkxwlr8uty652uw8jq5klx3hqvj9jf7",
    "asset_list": null,
    "block_height": 183482,
    "block_time": 1666472930,
    "datum_hash": null,
    "epoch_no": 28,
    "inline_datum": null,
    "is_spent": false,
    "payment_cred": "36e2bc9dc949639b9a2a1ebb1e7177fc2aaa925c945a38a1d3c3450f",
    "reference_script": null,
    "stake_address": "stake_test1uq7cuat95uvdac09lyyh0famr803n79jd29w8req2t0ngmslq5e0j",
    "tx_hash": "40d294584fa9ff1640bc2246009836f825a5ca561b6c6e3200d368ed364c17cd",
    "tx_index": 44,
    "value": "1146460"
  },
  {
    "address": "addr_test1qqmw90yae9yk8xu69g0tk8n3wl7z425jtj295w9p60p52rea3e6ktfccmms7t7gfw7nmkxwlr8uty652uw8jq5klx3hqvj9jf7",
    "asset_list": null,
    "block_height": 183482,
    "block_time": 1666472930,
    "datum_hash": null,
    "epoch_no": 28,
    "inline_datum": null,
    "is_spent": false,
    "payment_cred": "36e2bc9dc949639b9a2a1ebb1e7177fc2aaa925c945a38a1d3c3450f",
    "reference_script": null,
    "stake_address": "stake_test1uq7cuat95uvdac09lyyh0famr803n79jd29w8req2t0ngmslq5e0j",
    "tx_hash": "40d294584fa9ff1640bc2246009836f825a5ca561b6c6e3200d368ed364c17cd",
    "tx_index": 45,
    "value": "1146460"
  },
  {
    "address": "addr_test1qqmw90yae9yk8xu69g0tk8n3wl7z425jtj295w9p60p52rea3e6ktfccmms7t7gfw7nmkxwlr8uty652uw8jq5klx3hqvj9jf7",
    "asset_list": null,
    "block_height": 183482,
    "block_time": 1666472930,
    "datum_hash": null,
    "epoch_no": 28,
    "inline_datum": null,
    "is_spent": false,
    "payment_cred": "36e2bc9dc949639b9a2a1ebb1e7177fc2aaa925c945a38a1d3c3450f",
    "reference_script": null,
    "stake_address": "stake_test1uq7cuat95uvdac09lyyh0famr803n79jd29w8req2t0ngmslq5e0j",
    "tx_hash": "40d294584fa9ff1640bc2246009836f825a5ca561b6c6e3200d368ed364c17cd",
    "tx_index": 48,
    "value": "1146460"
  },
  {
    "address": "addr_test1qqmw90yae9yk8xu69g0tk8n3wl7z425jtj295w9p60p52rea3e6ktfccmms7t7gfw7nmkxwlr8uty652uw8jq5klx3hqvj9jf7",
    "asset_list": null,
    "block_height": 183482,
    "block_time": 1666472930,
    "datum_hash": null,
    "epoch_no": 28,
    "inline_datum": null,
    "is_spent": false,
    "payment_cred": "36e2bc9dc949639b9a2a1ebb1e7177fc2aaa925c945a38a1d3c3450f",
    "reference_script": null,
    "stake_address": "stake_test1uq7cuat95uvdac09lyyh0famr803n79jd29w8req2t0ngmslq5e0j",
    "tx_hash": "40d294584fa9ff1640bc2246009836f825a5ca561b6c6e3200d368ed364c17cd",
    "tx_index": 49,
    "value": "1146460"
  },
  {
    "address": "addr_test1qqmw90yae9yk8xu69g0tk8n3wl7z425jtj295w9p60p52rea3e6ktfccmms7t7gfw7nmkxwlr8uty652uw8jq5klx3hqvj9jf7",
    "asset_list": null,
    "block_height": 183482,
    "block_time": 1666472930,
    "datum_hash": null,
    "epoch_no": 28,
    "inline_datum": null,
    "is_spent": false,
    "payment_cred": "36e2bc9dc949639b9a2a1ebb1e7177fc2aaa925c945a38a1d3c3450f",
    "reference_script": null,
    "stake_address": "stake_test1uq7cuat95uvdac09lyyh0famr803n79jd29w8req2t0ngmslq5e0j",
    "tx_hash": "40d294584fa9ff1640bc2246009836f825a5ca561b6c6e3200d368ed364c17cd",
    "tx_index": 50,
    "value": "1146460"
  },
  {
    "address": "addr_test1qqmw90yae9yk8xu69g0tk8n3wl7z425jtj295w9p60p52rea3e6ktfccmms7t7gfw7nmkxwlr8uty652uw8jq5klx3hqvj9jf7",
    "asset_list": null,
    "block_height": 183482,
    "block_time": 1666472930,
    "datum_hash": null,
    "epoch_no": 28,
    "inline_datum": null,
    "is_spent": false,
    "payment_cred": "36e2bc9dc949639b9a2a1ebb1e7177fc2aaa925c945a38a1d3c3450f",
    "reference_script": null,
    "stake_address": "stake_test1uq7cuat95uvdac09lyyh0famr803n79jd29w8req2t0ngmslq5e0j",
    "tx_hash": "40d294584fa9ff1640bc2246009836f825a5ca561b6c6e3200d368ed364c17cd",
    "tx_index": 51,
    "value": "1146460"
  },
  {
    "address": "addr_test1qqmw90yae9yk8xu69g0tk8n3wl7z425jtj295w9p60p52rea3e6ktfccmms7t7gfw7nmkxwlr8uty652uw8jq5klx3hqvj9jf7",
    "asset_list": null,
    "block_height": 183482,
    "block_time": 1666472930,
    "datum_hash": null,
    "epoch_no": 28,
    "inline_datum": null,
    "is_spent": false,
    "payment_cred": "36e2bc9dc949639b9a2a1ebb1e7177fc2aaa925c945a38a1d3c3450f",
    "reference_script": null,
    "stake_address": "stake_test1uq7cuat95uvdac09lyyh0famr803n79jd29w8req2t0ngmslq5e0j",
    "tx_hash": "40d294584fa9ff1640bc2246009836f825a5ca561b6c6e3200d368ed364c17cd",
    "tx_index": 55,
    "value": "1146460"
  },
  {
    "address": "addr_test1qqmw90yae9yk8xu69g0tk8n3wl7z425jtj295w9p60p52rea3e6ktfccmms7t7gfw7nmkxwlr8uty652uw8jq5klx3hqvj9jf7",
    "asset_list": null,
    "block_height": 183482,
    "block_time": 1666472930,
    "datum_hash": null,
    "epoch_no": 28,
    "inline_datum": null,
    "is_spent": false,
    "payment_cred": "36e2bc9dc949639b9a2a1ebb1e7177fc2aaa925c945a38a1d3c3450f",
    "reference_script": null,
    "stake_address": "stake_test1uq7cuat95uvdac09lyyh0famr803n79jd29w8req2t0ngmslq5e0j",
    "tx_hash": "40d294584fa9ff1640bc2246009836f825a5ca561b6c6e3200d368ed364c17cd",
    "tx_index": 56,
    "value": "1146460"
  },
  {
    "address": "addr_test1qqmw90yae9yk8xu69g0tk8n3wl7z425jtj295w9p60p52rea3e6ktfccmms7t7gfw7nmkxwlr8uty652uw8jq5klx3hqvj9jf7",
    "asset_list": null,
    "block_height": 183482,
    "block_time": 1666472930,
    "datum_hash": null,
    "epoch_no": 28,
    "inline_datum": null,
    "is_spent": false,
    "payment_cred": "36e2bc9dc949639b9a2a1ebb1e7177fc2aaa925c945a38a1d3c3450f",
    "reference_script": null,
    "stake_address": "stake_test1uq7cuat95uvdac09lyyh0famr803n79jd29w8req2t0ngmslq5e0j",
    "tx_hash": "40d294584fa9ff1640bc2246009836f825a5ca561b6c6e3200d368ed364c17cd",
    "tx_index": 58,
    "value": "1146460"
  },
  {
    "address": "addr_test1qqmw90yae9yk8xu69g0tk8n3wl7z425jtj295w9p60p52rea3e6ktfccmms7t7gfw7nmkxwlr8uty652uw8jq5klx3hqvj9jf7",
    "asset_list": null,
    "block_height": 183482,
    "block_time": 1666472930,
    "datum_hash": null,
    "epoch_no": 28,
    "inline_datum": null,
    "is_spent": false,
    "payment_cred": "36e2bc9dc949639b9a2a1ebb1e7177fc2aaa925c945a38a1d3c3450f",
    "reference_script": null,
    "stake_address": "stake_test1uq7cuat95uvdac09lyyh0famr803n79jd29w8req2t0ngmslq5e0j",
    "tx_hash": "40d294584fa9ff1640bc2246009836f825a5ca561b6c6e3200d368ed364c17cd",
    "tx_index": 59,
    "value": "1146460"
  },
  {
    "address": "addr_test1qqmw90yae9yk8xu69g0tk8n3wl7z425jtj295w9p60p52rea3e6ktfccmms7t7gfw7nmkxwlr8uty652uw8jq5klx3hqvj9jf7",
    "asset_list": null,
    "block_height": 183482,
    "block_time": 1666472930,
    "datum_hash": null,
    "epoch_no": 28,
    "inline_datum": null,
    "is_spent": false,
    "payment_cred": "36e2bc9dc949639b9a2a1ebb1e7177fc2aaa925c945a38a1d3c3450f",
    "reference_script": null,
    "stake_address": "stake_test1uq7cuat95uvdac09lyyh0famr803n79jd29w8req2t0ngmslq5e0j",
    "tx_hash": "40d294584fa9ff1640bc2246009836f825a5ca561b6c6e3200d368ed364c17cd",
    "tx_index": 60,
    "value": "1146460"
  },
  {
    "address": "addr_test1qqmw90yae9yk8xu69g0tk8n3wl7z425jtj295w9p60p52rea3e6ktfccmms7t7gfw7nmkxwlr8uty652uw8jq5klx3hqvj9jf7",
    "asset_list": null,
    "block_height": 183482,
    "block_time": 1666472930,
    "datum_hash": null,
    "epoch_no": 28,
    "inline_datum": null,
    "is_spent": false,
    "payment_cred": "36e2bc9dc949639b9a2a1ebb1e7177fc2aaa925c945a38a1d3c3450f",
    "reference_script": null,
    "stake_address": "stake_test1uq7cuat95uvdac09lyyh0famr803n79jd29w8req2t0ngmslq5e0j",
    "tx_hash": "40d294584fa9ff1640bc2246009836f825a5ca561b6c6e3200d368ed364c17cd",
    "tx_index": 61,
    "value": "1146460"
  },
  {
    "address": "addr_test1qqmw90yae9yk8xu69g0tk8n3wl7z425jtj295w9p60p52rea3e6ktfccmms7t7gfw7nmkxwlr8uty652uw8jq5klx3hqvj9jf7",
    "asset_list": null,
    "block_height": 183482,
    "block_time": 1666472930,
    "datum_hash": null,
    "epoch_no": 28,
    "inline_datum": null,
    "is_spent": false,
    "payment_cred": "36e2bc9dc949639b9a2a1ebb1e7177fc2aaa925c945a38a1d3c3450f",
    "reference_script": null,
    "stake_address": "stake_test1uq7cuat95uvdac09lyyh0famr803n79jd29w8req2t0ngmslq5e0j",
    "tx_hash": "40d294584fa9ff1640bc2246009836f825a5ca561b6c6e3200d368ed364c17cd",
    "tx_index": 62,
    "value": "1146460"
  },
  {
    "address": "addr_test1qqmw90yae9yk8xu69g0tk8n3wl7z425jtj295w9p60p52rea3e6ktfccmms7t7gfw7nmkxwlr8uty652uw8jq5klx3hqvj9jf7",
    "asset_list": null,
    "block_height": 183482,
    "block_time": 1666472930,
    "datum_hash": null,
    "epoch_no": 28,
    "inline_datum": null,
    "is_spent": false,
    "payment_cred": "36e2bc9dc949639b9a2a1ebb1e7177fc2aaa925c945a38a1d3c3450f",
    "reference_script": null,
    "stake_address": "stake_test1uq7cuat95uvdac09lyyh0famr803n79jd29w8req2t0ngmslq5e0j",
    "tx_hash": "40d294584fa9ff1640bc2246009836f825a5ca561b6c6e3200d368ed364c17cd",
    "tx_index": 64,
    "value": "1146460"
  },
  {
    "address": "addr_test1qqmw90yae9yk8xu69g0tk8n3wl7z425jtj295w9p60p52rea3e6ktfccmms7t7gfw7nmkxwlr8uty652uw8jq5klx3hqvj9jf7",
    "asset_list": null,
    "block_height": 183482,
    "block_time": 1666472930,
    "datum_hash": null,
    "epoch_no": 28,
    "inline_datum": null,
    "is_spent": false,
    "payment_cred": "36e2bc9dc949639b9a2a1ebb1e7177fc2aaa925c945a38a1d3c3450f",
    "reference_script": null,
    "stake_address": "stake_test1uq7cuat95uvdac09lyyh0famr803n79jd29w8req2t0ngmslq5e0j",
    "tx_hash": "40d294584fa9ff1640bc2246009836f825a5ca561b6c6e3200d368ed364c17cd",
    "tx_index": 70,
    "value": "1146460"
  },
  {
    "address": "addr_test1qqmw90yae9yk8xu69g0tk8n3wl7z425jtj295w9p60p52rea3e6ktfccmms7t7gfw7nmkxwlr8uty652uw8jq5klx3hqvj9jf7",
    "asset_list": null,
    "block_height": 183482,
    "block_time": 1666472930,
    "datum_hash": null,
    "epoch_no": 28,
    "inline_datum": null,
    "is_spent": false,
    "payment_cred": "36e2bc9dc949639b9a2a1ebb1e7177fc2aaa925c945a38a1d3c3450f",
    "reference_script": null,
    "stake_address": "stake_test1uq7cuat95uvdac09lyyh0famr803n79jd29w8req2t0ngmslq5e0j",
    "tx_hash": "40d294584fa9ff1640bc2246009836f825a5ca561b6c6e3200d368ed364c17cd",
    "tx_index": 71,
    "value": "1146460"
  },
  {
    "address": "addr_test1qqmw90yae9yk8xu69g0tk8n3wl7z425jtj295w9p60p52rea3e6ktfccmms7t7gfw7nmkxwlr8uty652uw8jq5klx3hqvj9jf7",
    "asset_list": null,
    "block_height": 183482,
    "block_time": 1666472930,
    "datum_hash": null,
    "epoch_no": 28,
    "inline_datum": null,
    "is_spent": false,
    "payment_cred": "36e2bc9dc949639b9a2a1ebb1e7177fc2aaa925c945a38a1d3c3450f",
    "reference_script": null,
    "stake_address": "stake_test1uq7cuat95uvdac09lyyh0famr803n79jd29w8req2t0ngmslq5e0j",
    "tx_hash": "40d294584fa9ff1640bc2246009836f825a5ca561b6c6e3200d368ed364c17cd",
    "tx_index": 72,
    "value": "1146460"
  },
  {
    "address": "addr_test1qqmw90yae9yk8xu69g0tk8n3wl7z425jtj295w9p60p52rea3e6ktfccmms7t7gfw7nmkxwlr8uty652uw8jq5klx3hqvj9jf7",
    "asset_list": null,
    "block_height": 183482,
    "block_time": 1666472930,
    "datum_hash": null,
    "epoch_no": 28,
    "inline_datum": null,
    "is_spent": false,
    "payment_cred": "36e2bc9dc949639b9a2a1ebb1e7177fc2aaa925c945a38a1d3c3450f",
    "reference_script": null,
    "stake_address": "stake_test1uq7cuat95uvdac09lyyh0famr803n79jd29w8req2t0ngmslq5e0j",
    "tx_hash": "40d294584fa9ff1640bc2246009836f825a5ca561b6c6e3200d368ed364c17cd",
    "tx_index": 73,
    "value": "1146460"
  },
  {
    "address": "addr_test1qqmw90yae9yk8xu69g0tk8n3wl7z425jtj295w9p60p52rea3e6ktfccmms7t7gfw7nmkxwlr8uty652uw8jq5klx3hqvj9jf7",
    "asset_list": null,
    "block_height": 183482,
    "block_time": 1666472930,
    "datum_hash": null,
    "epoch_no": 28,
    "inline_datum": null,
    "is_spent": false,
    "payment_cred": "36e2bc9dc949639b9a2a1ebb1e7177fc2aaa925c945a38a1d3c3450f",
    "reference_script": null,
    "stake_address": "stake_test1uq7cuat95uvdac09lyyh0famr803n79jd29w8req2t0ngmslq5e0j",
    "tx_hash": "40d294584fa9ff1640bc2246009836f825a5ca561b6c6e3200d368ed364c17cd",
    "tx_index": 75,
    "value": "1146460"
  },
  {
    "address": "addr_test1qqmw90yae9yk8xu69g0tk8n3wl7z425jtj295w9p60p52rea3e6ktfccmms7t7gfw7nmkxwlr8uty652uw8jq5klx3hqvj9jf7",
    "asset_list": null,
    "block_height": 183482,
    "block_time": 1666472930,
    "datum_hash": null,
    "epoch_no": 28,
    "inline_datum": null,
    "is_spent": false,
    "payment_cred": "36e2bc9dc949639b9a2a1ebb1e7177fc2aaa925c945a38a1d3c3450f",
    "reference_script": null,
    "stake_address": "stake_test1uq7cuat95uvdac09lyyh0famr803n79jd29w8req2t0ngmslq5e0j",
    "tx_hash": "40d294584fa9ff1640bc2246009836f825a5ca561b6c6e3200d368ed364c17cd",
    "tx_index": 77,
    "value": "1146460"
  },
  {
    "address": "addr_test1qqmw90yae9yk8xu69g0tk8n3wl7z425jtj295w9p60p52rea3e6ktfccmms7t7gfw7nmkxwlr8uty652uw8jq5klx3hqvj9jf7",
    "asset_list": null,
    "block_height": 183482,
    "block_time": 1666472930,
    "datum_hash": null,
    "epoch_no": 28,
    "inline_datum": null,
    "is_spent": false,
    "payment_cred": "36e2bc9dc949639b9a2a1ebb1e7177fc2aaa925c945a38a1d3c3450f",
    "reference_script": null,
    "stake_address": "stake_test1uq7cuat95uvdac09lyyh0famr803n79jd29w8req2t0ngmslq5e0j",
    "tx_hash": "40d294584fa9ff1640bc2246009836f825a5ca561b6c6e3200d368ed364c17cd",
    "tx_index": 84,
    "value": "1146460"
  },
  {
    "address": "addr_test1qqmw90yae9yk8xu69g0tk8n3wl7z425jtj295w9p60p52rea3e6ktfccmms7t7gfw7nmkxwlr8uty652uw8jq5klx3hqvj9jf7",
    "asset_list": null,
    "block_height": 183482,
    "block_time": 1666472930,
    "datum_hash": null,
    "epoch_no": 28,
    "inline_datum": null,
    "is_spent": false,
    "payment_cred": "36e2bc9dc949639b9a2a1ebb1e7177fc2aaa925c945a38a1d3c3450f",
    "reference_script": null,
    "stake_address": "stake_test1uq7cuat95uvdac09lyyh0famr803n79jd29w8req2t0ngmslq5e0j",
    "tx_hash": "40d294584fa9ff1640bc2246009836f825a5ca561b6c6e3200d368ed364c17cd",
    "tx_index": 88,
    "value": "1000000"
  }
]
