[
  {
    "key": "0"
  },
  {
    "key": "1"
  },
  {
    "key": "2"
  },
  {
    "key": "3"
  },
  {
    "key": "4"
  },
  {
    "key": "5"
  },
  {
    "key": "6"
  },
  {
    "key": "7"
  },
  {
    "key": "8"
  },
  {
    "key": "9"
  },
  {
    "key": "10"
  },
  {
    "key": "11"
  },
  {
    "key": "12"
  },
  {
    "key": "13"
  },
  {
    "key": "14"
  },
  {
    "key": "15"
  },
  {
    "key": "16"
  },
  {
    "key": "17"
  },
  {
    "key": "18"
  },
  {
    "key": "19"
  },
  {
    "key": "20"
  },
  {
    "key": "21"
  },
  {
    "key": "22"
  },
  {
    "key": "23"
  },
  {
    "key": "24"
  },
  {
    "key": "25"
  },
  {
    "key": "26"
  },
  {
    "key": "27"
  },
  {
    "key": "28"
  },
  {
    "key": "29"
  },
  {
    "key": "30"
  },
  {
    "key": "31"
  },
  {
    "key": "32"
  },
  {
    "key": "33"
  },
  {
    "key": "34"
  },
  {
    "key": "35"
  },
  {
    "key": "36"
  },
  {
    "key": "37"
  },
  {
    "key": "38"
  },
  {
    "key": "39"
  },
  {
    "key": "40"
  },
  {
    "key": "41"
  },
  {
    "key": "42"
  },
  {
    "key": "43"
  },
  {
    "key": "44"
  },
  {
    "key": "45"
  },
  {
    "key": "46"
  },
  {
    "key": "47"
  },
  {
    "key": "48"
  },
  {
    "key": "49"
  },
  {
    "key": "50"
  },
  {
    "key": "51"
  },
  {
    "key": "52"
  },
  {
    "key": "53"
  },
  {
    "key": "54"
  },
  {
    "key": "55"
  },
  {
    "key": "56"
  },
  {
    "key": "57"
  },
  {
    "key": "58"
  },
  {
    "key": "59"
  },
  {
    "key": "60"
  },
  {
    "key": "61"
  },
  {
    "key": "62"
  },
  {
    "key": "63"
  },
  {
    "key": "64"
  },
  {
    "key": "65"
  },
  {
    "key": "66"
  },
  {
    "key": "67"
  },
  {
    "key": "68"
  },
  {
    "key": "69"
  },
  {
    "key": "70"
  },
  {
    "key": "71"
  },
  {
    "key": "72"
  },
  {
    "key": "73"
  },
  {
    "key": "74"
  },
  {
    "key": "75"
  },
  {
    "key": "76"
  },
  {
    "key": "77"
  },
  {
    "key": "78"
  },
  {
    "key": "79"
  },
  {
    "key": "80"
  },
  {
    "key": "81"
  },
  {
    "key": "82"
  },
  {
    "key": "83"
  },
  {
    "key": "84"
  },
  {
    "key": "85"
  },
  {
    "key": "86"
  },
  {
    "key": "87"
  },
  {
    "key": "88"
  },
  {
    "key": "89"
  },
  {
    "key": "90"
  },
  {
    "key": "91"
  },
  {
    "key": "92"
  },
  {
    "key": "93"
  },
  {
    "key": "94"
  },
  {
    "key": "95"
  },
  {
    "key": "96"
  },
  {
    "key": "97"
  },
  {
    "key": "98"
  },
  {
    "key": "99"
  },
  {
    "key": "100"
  },
  {
    "key": "101"
  },
  {
    "key": "102"
  },
  {
    "key": "103"
  },
  {
    "key": "104"
  },
  {
    "key": "105"
  },
  {
    "key": "106"
  },
  {
    "key": "107"
  },
  {
    "key": "108"
  },
  {
    "key": "109"
  },
  {
    "key": "110"
  },
  {
    "key": "111"
  },
  {
    "key": "112"
  },
  {
    "key": "113"
  },
  {
    "key": "114"
  },
  {
    "key": "115"
  },
  {
    "key": "116"
  },
  {
    "key": "117"
  },
  {
    "key": "118"
  },
  {
    "key": "119"
  },
  {
    "key": "120"
  },
  {
    "key": "121"
  },
  {
    "key": "122"
  },
  {
    "key": "123"
  },
  {
    "key": "124"
  },
  {
    "key": "125"
  },
  {
    "key": "126"
  },
  {
    "key": "127"
  },
  {
    "key": "133"
  },
  {
    "key": "138"
  },
  {
    "key": "139"
  },
  {
    "key": "140"
  },
  {
    "key": "141"
  },
  {
    "key": "142"
  },
  {
    "key": "145"
  },
  {
    "key": "148"
  },
  {
    "key": "149"
  },
  {
    "key": "150"
  },
  {
    "key": "151"
  },
  {
    "key": "152"
  },
  {
    "key": "200"
  },
  {
    "key": "201"
  },
  {
    "key": "202"
  },
  {
    "key": "203"
  },
  {
    "key": "204"
  },
  {
    "key": "205"
  },
  {
    "key": "211"
  },
  {
    "key": "222"
  },
  {
    "key": "223"
  },
  {
    "key": "234"
  },
  {
    "key": "238"
  },
  {
    "key": "300"
  },
  {
    "key": "304"
  },
  {
    "key": "309"
  },
  {
    "key": "333"
  },
  {
    "key": "369"
  },
  {
    "key": "404"
  },
  {
    "key": "405"
  },
  {
    "key": "406"
  },
  {
    "key": "407"
  },
  {
    "key": "413"
  },
  {
    "key": "420"
  },
  {
    "key": "427"
  },
  {
    "key": "456"
  },
  {
    "key": "465"
  },
  {
    "key": "500"
  },
  {
    "key": "509"
  },
  {
    "key": "560"
  },
  {
    "key": "594"
  },
  {
    "key": "600"
  },
  {
    "key": "627"
  },
  {
    "key": "644"
  },
  {
    "key": "647"
  },
  {
    "key": "666"
  },
  {
    "key": "671"
  },
  {
    "key": "674"
  },
  {
    "key": "675"
  },
  {
    "key": "676"
  },
  {
    "key": "700"
  },
  {
    "key": "721"
  },
  {
    "key": "722"
  },
  {
    "key": "725"
  },
  {
    "key": "741"
  },
  {
    "key": "777"
  },
  {
    "key": "800"
  },
  {
    "key": "867"
  },
  {
    "key": "888"
  },
  {
    "key": "911"
  },
  {
    "key": "987"
  },
  {
    "key": "988"
  },
  {
    "key": "989"
  },
  {
    "key": "999"
  },
  {
    "key": "1000"
  },
  {
    "key": "1001"
  },
  {
    "key": "1002"
  },
  {
    "key": "1003"
  },
  {
    "key": "1004"
  },
  {
    "key": "1005"
  },
  {
    "key": "1007"
  },
  {
    "key": "1008"
  },
  {
    "key": "1009"
  },
  {
    "key": "1010"
  },
  {
    "key": "1011"
  },
  {
    "key": "1028"
  },
  {
    "key": "1128"
  },
  {
    "key": "1200"
  },
  {
    "key": "1201"
  },
  {
    "key": "1226"
  },
  {
    "key": "1234"
  },
  {
    "key": "1258"
  },
  {
    "key": "1304"
  },
  {
    "key": "1337"
  },
  {
    "key": "1447"
  },
  {
    "key": "1517"
  },
  {
    "key": "1564"
  },
  {
    "key": "1593"
  },
  {
    "key": "1618"
  },
  {
    "key": "1667"
  },
  {
    "key": "1707"
  },
  {
    "key": "1774"
  },
  {
    "key": "1787"
  },
  {
    "key": "1854"
  },
  {
    "key": "1870"
  },
  {
    "key": "1904"
  },
  {
    "key": "1916"
  },
  {
    "key": "1968"
  },
  {
    "key": "1978"
  },
  {
    "key": "1984"
  },
  {
    "key": "1985"
  },
  {
    "key": "1997"
  },
  {
    "key": "1998"
  },
  {
    "key": "2000"
  },
  {
    "key": "2001"
  },
  {
    "key": "2002"
  },
  {
    "key": "2019"
  },
  {
    "key": "2023"
  },
  {
    "key": "2024"
  },
  {
    "key": "2050"
  },
  {
    "key": "2090"
  },
  {
    "key": "2123"
  },
  {
    "key": "2176"
  },
  {
    "key": "2222"
  },
  {
    "key": "2223"
  },
  {
    "key": "2224"
  },
  {
    "key": "2225"
  },
  {
    "key": "2722"
  },
  {
    "key": "3000"
  },
  {
    "key": "3078"
  },
  {
    "key": "3321"
  },
  {
    "key": "3423"
  },
  {
    "key": "3921"
  },
  {
    "key": "4031"
  },
  {
    "key": "4233"
  },
  {
    "key": "4237"
  },
  {
    "key": "4242"
  },
  {
    "key": "4261"
  },
  {
    "key": "5150"
  },
  {
    "key": "5159"
  },
  {
    "key": "5238"
  },
  {
    "key": "5321"
  },
  {
    "key": "5432"
  },
  {
    "key": "5752"
  },
  {
    "key": "5753"
  },
  {
    "key": "5761"
  },
  {
    "key": "5762"
  },
  {
    "key": "5763"
  },
  {
    "key": "5764"
  },
  {
    "key": "5765"
  },
  {
    "key": "5766"
  },
  {
    "key": "5800"
  },
  {
    "key": "5900"
  },
  {
    "key": "6048"
  },
  {
    "key": "6741"
  },
  {
    "key": "6742"
  },
  {
    "key": "6743"
  },
  {
    "key": "6744"
  },
  {
    "key": "6745"
  },
  {
    "key": "6746"
  },
  {
    "key": "6747"
  },
  {
    "key": "6748"
  },
  {
    "key": "6749"
  },
  {
    "key": "6761"
  },
  {
    "key": "6762"
  },
  {
    "key": "6763"
  },
  {
    "key": "6764"
  },
  {
    "key": "6765"
  },
  {
    "key": "6766"
  },
  {
    "key": "6767"
  },
  {
    "key": "6768"
  },
  {
    "key": "6769"
  },
  {
    "key": "6862"
  },
  {
    "key": "7368"
  },
  {
    "key": "8505"
  },
  {
    "key": "8888"
  },
  {
    "key": "9041"
  },
  {
    "key": "9876"
  },
  {
    "key": "10000"
  },
  {
    "key": "10337"
  },
  {
    "key": "10338"
  },
  {
    "key": "11106"
  },
  {
    "key": "11112"
  },
  {
    "key": "11113"
  },
  {
    "key": "11674"
  },
  {
    "key": "12344"
  },
  {
    "key": "12345"
  },
  {
    "key": "13370"
  },
  {
    "key": "13456"
  },
  {
    "key": "15000"
  },
  {
    "key": "16110"
  },
  {
    "key": "21324"
  },
  {
    "key": "21325"
  },
  {
    "key": "32222"
  },
  {
    "key": "32223"
  },
  {
    "key": "32224"
  },
  {
    "key": "32225"
  },
  {
    "key": "32228"
  },
  {
    "key": "41414"
  },
  {
    "key": "51145"
  },
  {
    "key": "51149"
  },
  {
    "key": "51194"
  },
  {
    "key": "51224"
  },
  {
    "key": "51249"
  },
  {
    "key": "51269"
  },
  {
    "key": "51282"
  },
  {
    "key": "51360"
  },
  {
    "key": "51362"
  },
  {
    "key": "51363"
  },
  {
    "key": "51376"
  },
  {
    "key": "51518"
  },
  {
    "key": "51745"
  },
  {
    "key": "51835"
  },
  {
    "key": "51879"
  },
  {
    "key": "52087"
  },
  {
    "key": "52088"
  },
  {
    "key": "52117"
  },
  {
    "key": "52173"
  },
  {
    "key": "52236"
  },
  {
    "key": "52281"
  },
  {
    "key": "52304"
  },
  {
    "key": "52446"
  },
  {
    "key": "52693"
  },
  {
    "key": "52696"
  },
  {
    "key": "52704"
  },
  {
    "key": "52711"
  },
  {
    "key": "52730"
  },
  {
    "key": "52733"
  },
  {
    "key": "52734"
  },
  {
    "key": "52742"
  },
  {
    "key": "52770"
  },
  {
    "key": "53235"
  },
  {
    "key": "53243"
  },
  {
    "key": "53316"
  },
  {
    "key": "53324"
  },
  {
    "key": "53504"
  },
  {
    "key": "53508"
  },
  {
    "key": "53513"
  },
  {
    "key": "53533"
  },
  {
    "key": "53540"
  },
  {
    "key": "53545"
  },
  {
    "key": "53722"
  },
  {
    "key": "53787"
  },
  {
    "key": "53788"
  },
  {
    "key": "53813"
  },
  {
    "key": "53841"
  },
  {
    "key": "53847"
  },
  {
    "key": "53848"
  },
  {
    "key": "53854"
  },
  {
    "key": "53857"
  },
  {
    "key": "53879"
  },
  {
    "key": "54321"
  },
  {
    "key": "55149"
  },
  {
    "key": "55150"
  },
  {
    "key": "55151"
  },
  {
    "key": "55268"
  },
  {
    "key": "55269"
  },
  {
    "key": "55405"
  },
  {
    "key": "55413"
  },
  {
    "key": "55455"
  },
  {
    "key": "55467"
  },
  {
    "key": "55528"
  },
  {
    "key": "55555"
  },
  {
    "key": "57568"
  },
  {
    "key": "57578"
  },
  {
    "key": "57580"
  },
  {
    "key": "57581"
  },
  {
    "key": "57582"
  },
  {
    "key": "57585"
  },
  {
    "key": "57587"
  },
  {
    "key": "57593"
  },
  {
    "key": "57597"
  },
  {
    "key": "57598"
  },
  {
    "key": "57599"
  },
  {
    "key": "57602"
  },
  {
    "key": "57603"
  },
  {
    "key": "57610"
  },
  {
    "key": "57611"
  },
  {
    "key": "58312"
  },
  {
    "key": "59277"
  },
  {
    "key": "59645"
  },
  {
    "key": "59764"
  },
  {
    "key": "59843"
  },
  {
    "key": "59846"
  },
  {
    "key": "59849"
  },
  {
    "key": "59860"
  },
  {
    "key": "59861"
  },
  {
    "key": "59868"
  },
  {
    "key": "59869"
  },
  {
    "key": "59875"
  },
  {
    "key": "59903"
  },
  {
    "key": "59977"
  },
  {
    "key": "59983"
  },
  {
    "key": "59997"
  },
  {
    "key": "60017"
  },
  {
    "key": "60051"
  },
  {
    "key": "60061"
  },
  {
    "key": "60096"
  },
  {
    "key": "60155"
  },
  {
    "key": "60158"
  },
  {
    "key": "60165"
  },
  {
    "key": "60177"
  },
  {
    "key": "60232"
  },
  {
    "key": "60236"
  },
  {
    "key": "60242"
  },
  {
    "key": "60249"
  },
  {
    "key": "60548"
  },
  {
    "key": "60589"
  },
  {
    "key": "60597"
  },
  {
    "key": "60653"
  },
  {
    "key": "60844"
  },
  {
    "key": "60857"
  },
  {
    "key": "60878"
  },
  {
    "key": "60888"
  },
  {
    "key": "60906"
  },
  {
    "key": "60910"
  },
  {
    "key": "60940"
  },
  {
    "key": "61040"
  },
  {
    "key": "61044"
  },
  {
    "key": "61045"
  },
  {
    "key": "61046"
  },
  {
    "key": "61049"
  },
  {
    "key": "61073"
  },
  {
    "key": "61078"
  },
  {
    "key": "61089"
  },
  {
    "key": "61284"
  },
  {
    "key": "61285"
  },
  {
    "key": "61654"
  },
  {
    "key": "61935"
  },
  {
    "key": "65536"
  },
  {
    "key": "67410"
  },
  {
    "key": "67411"
  },
  {
    "key": "67412"
  },
  {
    "key": "67413"
  },
  {
    "key": "67414"
  },
  {
    "key": "67415"
  },
  {
    "key": "67416"
  },
  {
    "key": "67417"
  },
  {
    "key": "67418"
  },
  {
    "key": "67455"
  },
  {
    "key": "69420"
  },
  {
    "key": "76967"
  },
  {
    "key": "77048"
  },
  {
    "key": "77453"
  },
  {
    "key": "77458"
  },
  {
    "key": "77514"
  },
  {
    "key": "77777"
  },
  {
    "key": "77902"
  },
  {
    "key": "77912"
  },
  {
    "key": "77942"
  },
  {
    "key": "78005"
  },
  {
    "key": "78063"
  },
  {
    "key": "78065"
  },
  {
    "key": "85050"
  },
  {
    "key": "87890"
  },
  {
    "key": "98765"
  },
  {
    "key": "100576"
  },
  {
    "key": "103251"
  },
  {
    "key": "105047"
  },
  {
    "key": "111023"
  },
  {
    "key": "111028"
  },
  {
    "key": "111038"
  },
  {
    "key": "111051"
  },
  {
    "key": "111375"
  },
  {
    "key": "111392"
  },
  {
    "key": "111404"
  },
  {
    "key": "111416"
  },
  {
    "key": "111454"
  },
  {
    "key": "111615"
  },
  {
    "key": "111706"
  },
  {
    "key": "111890"
  },
  {
    "key": "111907"
  },
  {
    "key": "112222"
  },
  {
    "key": "112244"
  },
  {
    "key": "112250"
  },
  {
    "key": "112255"
  },
  {
    "key": "112267"
  },
  {
    "key": "112281"
  },
  {
    "key": "112284"
  },
  {
    "key": "112339"
  },
  {
    "key": "112346"
  },
  {
    "key": "112375"
  },
  {
    "key": "112399"
  },
  {
    "key": "114008"
  },
  {
    "key": "114009"
  },
  {
    "key": "114054"
  },
  {
    "key": "118660"
  },
  {
    "key": "119672"
  },
  {
    "key": "119680"
  },
  {
    "key": "121022"
  },
  {
    "key": "131072"
  },
  {
    "key": "131073"
  },
  {
    "key": "133722"
  },
  {
    "key": "136473"
  },
  {
    "key": "136849"
  },
  {
    "key": "141872"
  },
  {
    "key": "141909"
  },
  {
    "key": "142736"
  },
  {
    "key": "142901"
  },
  {
    "key": "142931"
  },
  {
    "key": "142945"
  },
  {
    "key": "142959"
  },
  {
    "key": "142974"
  },
  {
    "key": "143005"
  },
  {
    "key": "143246"
  },
  {
    "key": "143370"
  },
  {
    "key": "143420"
  },
  {
    "key": "144159"
  },
  {
    "key": "144298"
  },
  {
    "key": "144313"
  },
  {
    "key": "144349"
  },
  {
    "key": "144403"
  },
  {
    "key": "144445"
  },
  {
    "key": "144571"
  },
  {
    "key": "144640"
  },
  {
    "key": "144683"
  },
  {
    "key": "147435"
  },
  {
    "key": "147466"
  },
  {
    "key": "147585"
  },
  {
    "key": "147629"
  },
  {
    "key": "150354"
  },
  {
    "key": "150437"
  },
  {
    "key": "157141"
  },
  {
    "key": "157193"
  },
  {
    "key": "157507"
  },
  {
    "key": "161803"
  },
  {
    "key": "166420"
  },
  {
    "key": "166566"
  },
  {
    "key": "167600"
  },
  {
    "key": "167682"
  },
  {
    "key": "168519"
  },
  {
    "key": "200000"
  },
  {
    "key": "202310"
  },
  {
    "key": "220606"
  },
  {
    "key": "220804"
  },
  {
    "key": "220909"
  },
  {
    "key": "221026"
  },
  {
    "key": "221207"
  },
  {
    "key": "221208"
  },
  {
    "key": "230621"
  },
  {
    "key": "230704"
  },
  {
    "key": "230718"
  },
  {
    "key": "256781"
  },
  {
    "key": "321312"
  },
  {
    "key": "346545"
  },
  {
    "key": "555067"
  },
  {
    "key": "572047"
  },
  {
    "key": "572052"
  },
  {
    "key": "573061"
  },
  {
    "key": "580324"
  },
  {
    "key": "580326"
  },
  {
    "key": "580327"
  },
  {
    "key": "580328"
  },
  {
    "key": "583474"
  },
  {
    "key": "583481"
  },
  {
    "key": "583482"
  },
  {
    "key": "583534"
  },
  {
    "key": "583537"
  },
  {
    "key": "583733"
  },
  {
    "key": "583734"
  },
  {
    "key": "583735"
  },
  {
    "key": "583736"
  },
  {
    "key": "583738"
  },
  {
    "key": "583739"
  },
  {
    "key": "583751"
  },
  {
    "key": "583752"
  },
  {
    "key": "583753"
  },
  {
    "key": "583816"
  },
  {
    "key": "583899"
  },
  {
    "key": "583900"
  },
  {
    "key": "583966"
  },
  {
    "key": "584014"
  },
  {
    "key": "584021"
  },
  {
    "key": "584022"
  },
  {
    "key": "584023"
  },
  {
    "key": "584024"
  },
  {
    "key": "584097"
  },
  {
    "key": "584100"
  },
  {
    "key": "584130"
  },
  {
    "key": "584131"
  },
  {
    "key": "584142"
  },
  {
    "key": "584143"
  },
  {
    "key": "584148"
  },
  {
    "key": "584251"
  },
  {
    "key": "584252"
  },
  {
    "key": "584253"
  },
  {
    "key": "584254"
  },
  {
    "key": "584255"
  },
  {
    "key": "584257"
  },
  {
    "key": "584258"
  },
  {
    "key": "584259"
  },
  {
    "key": "584260"
  },
  {
    "key": "584263"
  },
  {
    "key": "584266"
  },
  {
    "key": "584269"
  },
  {
    "key": "584344"
  },
  {
    "key": "584345"
  },
  {
    "key": "584346"
  },
  {
    "key": "584347"
  },
  {
    "key": "584391"
  },
  {
    "key": "584392"
  },
  {
    "key": "584393"
  },
  {
    "key": "584394"
  },
  {
    "key": "584395"
  },
  {
    "key": "584396"
  },
  {
    "key": "584397"
  },
  {
    "key": "584428"
  },
  {
    "key": "584438"
  },
  {
    "key": "584449"
  },
  {
    "key": "584450"
  },
  {
    "key": "584451"
  },
  {
    "key": "584454"
  },
  {
    "key": "584465"
  },
  {
    "key": "584466"
  },
  {
    "key": "584528"
  },
  {
    "key": "584549"
  },
  {
    "key": "584550"
  },
  {
    "key": "584572"
  },
  {
    "key": "584642"
  },
  {
    "key": "584663"
  },
  {
    "key": "584794"
  },
  {
    "key": "584801"
  },
  {
    "key": "584803"
  },
  {
    "key": "591455"
  },
  {
    "key": "591456"
  },
  {
    "key": "591457"
  },
  {
    "key": "591458"
  },
  {
    "key": "620591"
  },
  {
    "key": "620598"
  },
  {
    "key": "620602"
  },
  {
    "key": "620614"
  },
  {
    "key": "620621"
  },
  {
    "key": "620625"
  },
  {
    "key": "620649"
  },
  {
    "key": "620658"
  },
  {
    "key": "620666"
  },
  {
    "key": "623407"
  },
  {
    "key": "624126"
  },
  {
    "key": "628757"
  },
  {
    "key": "628761"
  },
  {
    "key": "628762"
  },
  {
    "key": "628765"
  },
  {
    "key": "628800"
  },
  {
    "key": "628805"
  },
  {
    "key": "628807"
  },
  {
    "key": "628852"
  },
  {
    "key": "628864"
  },
  {
    "key": "628886"
  },
  {
    "key": "628950"
  },
  {
    "key": "629009"
  },
  {
    "key": "629013"
  },
  {
    "key": "629061"
  },
  {
    "key": "629091"
  },
  {
    "key": "629104"
  },
  {
    "key": "629142"
  },
  {
    "key": "629144"
  },
  {
    "key": "629147"
  },
  {
    "key": "629151"
  },
  {
    "key": "629165"
  },
  {
    "key": "629169"
  },
  {
    "key": "629190"
  },
  {
    "key": "629192"
  },
  {
    "key": "629193"
  },
  {
    "key": "629201"
  },
  {
    "key": "629284"
  },
  {
    "key": "629287"
  },
  {
    "key": "629293"
  },
  {
    "key": "629300"
  },
  {
    "key": "629304"
  },
  {
    "key": "629388"
  },
  {
    "key": "629402"
  },
  {
    "key": "629430"
  },
  {
    "key": "630132"
  },
  {
    "key": "630317"
  },
  {
    "key": "630383"
  },
  {
    "key": "630424"
  },
  {
    "key": "630429"
  },
  {
    "key": "630434"
  },
  {
    "key": "630439"
  },
  {
    "key": "630442"
  },
  {
    "key": "630460"
  },
  {
    "key": "630478"
  },
  {
    "key": "630482"
  },
  {
    "key": "630530"
  },
  {
    "key": "630531"
  },
  {
    "key": "630567"
  },
  {
    "key": "630568"
  },
  {
    "key": "630569"
  },
  {
    "key": "630570"
  },
  {
    "key": "630571"
  },
  {
    "key": "630572"
  },
  {
    "key": "630573"
  },
  {
    "key": "630574"
  },
  {
    "key": "630576"
  },
  {
    "key": "630577"
  },
  {
    "key": "630588"
  },
  {
    "key": "630645"
  },
  {
    "key": "630672"
  },
  {
    "key": "630673"
  },
  {
    "key": "630675"
  },
  {
    "key": "630680"
  },
  {
    "key": "630705"
  },
  {
    "key": "630931"
  },
  {
    "key": "630975"
  },
  {
    "key": "631533"
  },
  {
    "key": "631568"
  },
  {
    "key": "631579"
  },
  {
    "key": "631581"
  },
  {
    "key": "631597"
  },
  {
    "key": "631608"
  },
  {
    "key": "631610"
  },
  {
    "key": "631626"
  },
  {
    "key": "631634"
  },
  {
    "key": "631764"
  },
  {
    "key": "631772"
  },
  {
    "key": "631775"
  },
  {
    "key": "631776"
  },
  {
    "key": "632221"
  },
  {
    "key": "632381"
  },
  {
    "key": "632385"
  },
  {
    "key": "632390"
  },
  {
    "key": "632395"
  },
  {
    "key": "632419"
  },
  {
    "key": "632420"
  },
  {
    "key": "632421"
  },
  {
    "key": "632483"
  },
  {
    "key": "632541"
  },
  {
    "key": "632769"
  },
  {
    "key": "633620"
  },
  {
    "key": "633623"
  },
  {
    "key": "633766"
  },
  {
    "key": "633767"
  },
  {
    "key": "633830"
  },
  {
    "key": "633831"
  },
  {
    "key": "633874"
  },
  {
    "key": "633912"
  },
  {
    "key": "634102"
  },
  {
    "key": "634123"
  },
  {
    "key": "634150"
  },
  {
    "key": "634369"
  },
  {
    "key": "634686"
  },
  {
    "key": "635150"
  },
  {
    "key": "635183"
  },
  {
    "key": "635184"
  },
  {
    "key": "635205"
  },
  {
    "key": "635264"
  },
  {
    "key": "635304"
  },
  {
    "key": "635330"
  },
  {
    "key": "635345"
  },
  {
    "key": "635354"
  },
  {
    "key": "635374"
  },
  {
    "key": "635422"
  },
  {
    "key": "635453"
  },
  {
    "key": "635477"
  },
  {
    "key": "635480"
  },
  {
    "key": "635481"
  },
  {
    "key": "635482"
  },
  {
    "key": "635483"
  },
  {
    "key": "635644"
  },
  {
    "key": "635656"
  },
  {
    "key": "635666"
  },
  {
    "key": "635685"
  },
  {
    "key": "635686"
  },
  {
    "key": "635726"
  },
  {
    "key": "635728"
  },
  {
    "key": "635734"
  },
  {
    "key": "635735"
  },
  {
    "key": "635739"
  },
  {
    "key": "635740"
  },
  {
    "key": "635744"
  },
  {
    "key": "635749"
  },
  {
    "key": "635921"
  },
  {
    "key": "635960"
  },
  {
    "key": "635981"
  },
  {
    "key": "636152"
  },
  {
    "key": "636215"
  },
  {
    "key": "636373"
  },
  {
    "key": "636379"
  },
  {
    "key": "636381"
  },
  {
    "key": "636383"
  },
  {
    "key": "636386"
  },
  {
    "key": "636390"
  },
  {
    "key": "636404"
  },
  {
    "key": "636421"
  },
  {
    "key": "636438"
  },
  {
    "key": "636456"
  },
  {
    "key": "636473"
  },
  {
    "key": "636480"
  },
  {
    "key": "636493"
  },
  {
    "key": "636503"
  },
  {
    "key": "636510"
  },
  {
    "key": "636511"
  },
  {
    "key": "636513"
  },
  {
    "key": "636518"
  },
  {
    "key": "636520"
  },
  {
    "key": "636521"
  },
  {
    "key": "636522"
  },
  {
    "key": "636523"
  },
  {
    "key": "636679"
  },
  {
    "key": "636684"
  },
  {
    "key": "636705"
  },
  {
    "key": "636717"
  },
  {
    "key": "636718"
  },
  {
    "key": "636719"
  },
  {
    "key": "636733"
  },
  {
    "key": "636759"
  },
  {
    "key": "636764"
  },
  {
    "key": "636765"
  },
  {
    "key": "636771"
  },
  {
    "key": "636774"
  },
  {
    "key": "636781"
  },
  {
    "key": "636783"
  },
  {
    "key": "636785"
  },
  {
    "key": "636786"
  },
  {
    "key": "636798"
  },
  {
    "key": "636820"
  },
  {
    "key": "636822"
  },
  {
    "key": "636824"
  },
  {
    "key": "636825"
  },
  {
    "key": "636835"
  },
  {
    "key": "636837"
  },
  {
    "key": "636849"
  },
  {
    "key": "636850"
  },
  {
    "key": "637026"
  },
  {
    "key": "637030"
  },
  {
    "key": "637043"
  },
  {
    "key": "637068"
  },
  {
    "key": "637086"
  },
  {
    "key": "637087"
  },
  {
    "key": "637090"
  },
  {
    "key": "637095"
  },
  {
    "key": "637097"
  },
  {
    "key": "637098"
  },
  {
    "key": "637100"
  },
  {
    "key": "637101"
  },
  {
    "key": "637113"
  },
  {
    "key": "637123"
  },
  {
    "key": "637133"
  },
  {
    "key": "637149"
  },
  {
    "key": "637151"
  },
  {
    "key": "637152"
  },
  {
    "key": "637153"
  },
  {
    "key": "637154"
  },
  {
    "key": "637156"
  },
  {
    "key": "637158"
  },
  {
    "key": "637159"
  },
  {
    "key": "637333"
  },
  {
    "key": "637334"
  },
  {
    "key": "637337"
  },
  {
    "key": "637338"
  },
  {
    "key": "637359"
  },
  {
    "key": "637378"
  },
  {
    "key": "637392"
  },
  {
    "key": "637396"
  },
  {
    "key": "637399"
  },
  {
    "key": "637403"
  },
  {
    "key": "637416"
  },
  {
    "key": "637419"
  },
  {
    "key": "637426"
  },
  {
    "key": "637429"
  },
  {
    "key": "637430"
  },
  {
    "key": "637431"
  },
  {
    "key": "637432"
  },
  {
    "key": "637434"
  },
  {
    "key": "637435"
  },
  {
    "key": "637449"
  },
  {
    "key": "637451"
  },
  {
    "key": "637452"
  },
  {
    "key": "637485"
  },
  {
    "key": "637491"
  },
  {
    "key": "637492"
  },
  {
    "key": "637509"
  },
  {
    "key": "637699"
  },
  {
    "key": "637702"
  },
  {
    "key": "637772"
  },
  {
    "key": "637775"
  },
  {
    "key": "637779"
  },
  {
    "key": "637782"
  },
  {
    "key": "637784"
  },
  {
    "key": "637786"
  },
  {
    "key": "637787"
  },
  {
    "key": "637788"
  },
  {
    "key": "637792"
  },
  {
    "key": "637793"
  },
  {
    "key": "637796"
  },
  {
    "key": "637820"
  },
  {
    "key": "637839"
  },
  {
    "key": "637855"
  },
  {
    "key": "637857"
  },
  {
    "key": "637862"
  },
  {
    "key": "637863"
  },
  {
    "key": "637865"
  },
  {
    "key": "637866"
  },
  {
    "key": "637867"
  },
  {
    "key": "638068"
  },
  {
    "key": "638069"
  },
  {
    "key": "638070"
  },
  {
    "key": "638091"
  },
  {
    "key": "638122"
  },
  {
    "key": "638123"
  },
  {
    "key": "638124"
  },
  {
    "key": "638125"
  },
  {
    "key": "638146"
  },
  {
    "key": "638147"
  },
  {
    "key": "638165"
  },
  {
    "key": "638179"
  },
  {
    "key": "638180"
  },
  {
    "key": "638181"
  },
  {
    "key": "638182"
  },
  {
    "key": "638183"
  },
  {
    "key": "638184"
  },
  {
    "key": "638685"
  },
  {
    "key": "638762"
  },
  {
    "key": "638780"
  },
  {
    "key": "638782"
  },
  {
    "key": "638783"
  },
  {
    "key": "638815"
  },
  {
    "key": "638821"
  },
  {
    "key": "638823"
  },
  {
    "key": "638824"
  },
  {
    "key": "638827"
  },
  {
    "key": "638828"
  },
  {
    "key": "638831"
  },
  {
    "key": "638833"
  },
  {
    "key": "638834"
  },
  {
    "key": "638835"
  },
  {
    "key": "638836"
  },
  {
    "key": "638837"
  },
  {
    "key": "638838"
  },
  {
    "key": "638839"
  },
  {
    "key": "638840"
  },
  {
    "key": "638841"
  },
  {
    "key": "638842"
  },
  {
    "key": "638843"
  },
  {
    "key": "638844"
  },
  {
    "key": "638845"
  },
  {
    "key": "638846"
  },
  {
    "key": "638847"
  },
  {
    "key": "638848"
  },
  {
    "key": "638849"
  },
  {
    "key": "638850"
  },
  {
    "key": "638851"
  },
  {
    "key": "638852"
  },
  {
    "key": "638853"
  },
  {
    "key": "638854"
  },
  {
    "key": "638855"
  },
  {
    "key": "638856"
  },
  {
    "key": "638857"
  },
  {
    "key": "638873"
  },
  {
    "key": "638881"
  },
  {
    "key": "638896"
  },
  {
    "key": "638982"
  },
  {
    "key": "639048"
  },
  {
    "key": "639049"
  },
  {
    "key": "639050"
  },
  {
    "key": "639055"
  },
  {
    "key": "639056"
  },
  {
    "key": "639057"
  },
  {
    "key": "639058"
  },
  {
    "key": "639069"
  },
  {
    "key": "639071"
  },
  {
    "key": "639075"
  },
  {
    "key": "639087"
  },
  {
    "key": "639099"
  },
  {
    "key": "639100"
  },
  {
    "key": "639101"
  },
  {
    "key": "639102"
  },
  {
    "key": "639104"
  },
  {
    "key": "639105"
  },
  {
    "key": "639109"
  },
  {
    "key": "639115"
  },
  {
    "key": "639116"
  },
  {
    "key": "639117"
  },
  {
    "key": "639118"
  },
  {
    "key": "639119"
  },
  {
    "key": "639121"
  },
  {
    "key": "639122"
  },
  {
    "key": "639123"
  },
  {
    "key": "639184"
  },
  {
    "key": "639185"
  },
  {
    "key": "639186"
  },
  {
    "key": "639189"
  }
]
