[
  {
    "address": "addr_test1vzpwq95z3xyum8vqndgdd9mdnmafh3djcxnc6jemlgdmswcve6tkw",
    "asset_list": [],
    "block_height": 3520039,
    "block_time": 1748343926,
    "datum_hash": null,
    "epoch_no": 218,
    "inline_datum": null,
    "is_spent": false,
    "payment_cred": "82e016828989cd9d809b50d6976d9efa9bc5b2c1a78d4b3bfa1bb83b",
    "reference_script": null,
    "stake_address": null,
    "tx_hash": "f17011b5f3b7abebd565bdbe2d4531529a17a6b44c00b2fc7c242cccd6aebd5c",
    "tx_index": 0,
    "value": "9800000"
  },
  {
    "address": "addr_test1vzpwq95z3xyum8vqndgdd9mdnmafh3djcxnc6jemlgdmswcve6tkw",
    "asset_list": [],
    "block_height": 3506066,
    "block_time": 1747986326,
    "datum_hash": null,
    "epoch_no": 217,
    "inline_datum": null,
    "is_spent": false,
    "payment_cred": "82e016828989cd9d809b50d6976d9efa9bc5b2c1a78d4b3bfa1bb83b",
    "reference_script": null,
    "stake_address": null,
    "tx_hash": "58f9258d5387bc943f385ea564899e5bb111832e02c68c26bb8784aa1f22820b",
    "tx_index": 0,
    "value": "500000000"
  },
  {
    "address": "addr_test1vzpwq95z3xyum8vqndgdd9mdnmafh3djcxnc6jemlgdmswcve6tkw",
    "asset_list": [],
    "block_height": 3504572,
    "block_time": 1747947193,
    "datum_hash": null,
    "epoch_no": 217,
    "inline_datum": null,
    "is_spent": false,
    "payment_cred": "82e016828989cd9d809b50d6976d9efa9bc5b2c1a78d4b3bfa1bb83b",
    "reference_script": null,
    "stake_address": null,
    "tx_hash": "d766cd9c60f3307d779892745047036d3fe578588f63ada8a454a1e51141bbf7",
    "tx_index": 0,
    "value": "1000000"
  },
  {
    "address": "addr_test1vzpwq95z3xyum8vqndgdd9mdnmafh3djcxnc6jemlgdmswcve6tkw",
    "asset_list": [],
    "block_height": 3504466,
    "block_time": 1747944645,
    "datum_hash": null,
    "epoch_no": 217,
    "inline_datum": null,
    "is_spent": false,
    "payment_cred": "82e016828989cd9d809b50d6976d9efa9bc5b2c1a78d4b3bfa1bb83b",
    "reference_script": null,
    "stake_address": null,
    "tx_hash": "36921ea49b500af1c4f03f8f93c57da7a0308f737dbc52800a8986ae14d85c66",
    "tx_index": 0,
    "value": "1000000"
  },
  {
    "address": "addr_test1vzpwq95z3xyum8vqndgdd9mdnmafh3djcxnc6jemlgdmswcve6tkw",
    "asset_list": [
      {
        "asset_name": "48504a54",
        "decimals": 0,
        "fingerprint": "asset1krtj8s02mkcznmefatfr7t5ltx4ewu0pj9mdfk",
        "policy_id": "38102c03682a1eb979a016dafa7cee481976128ea9f8a1e522c78187",
        "quantity": "234214412"
      }
    ],
    "block_height": 3498109,
    "block_time": 1747778045,
    "datum_hash": null,
    "epoch_no": 216,
    "inline_datum": null,
    "is_spent": false,
    "payment_cred": "82e016828989cd9d809b50d6976d9efa9bc5b2c1a78d4b3bfa1bb83b",
    "reference_script": null,
    "stake_address": null,
    "tx_hash": "cb505a5b8e85fa8efe0202e921fa65a3047406f50cd3bdaf41f475d39e10585f",
    "tx_index": 0,
    "value": "1155080"
  },
  {
    "address": "addr_test1vzpwq95z3xyum8vqndgdd9mdnmafh3djcxnc6jemlgdmswcve6tkw",
    "asset_list": [],
    "block_height": 3497513,
    "block_time": 1747762594,
    "datum_hash": null,
    "epoch_no": 216,
    "inline_datum": null,
    "is_spent": false,
    "payment_cred": "82e016828989cd9d809b50d6976d9efa9bc5b2c1a78d4b3bfa1bb83b",
    "reference_script": null,
    "stake_address": null,
    "tx_hash": "2abd3ead7769186a51a6467561bf622888b6ed353e48e197d34dcce1a92253d8",
    "tx_index": 0,
    "value": "9400000000"
  },
  {
    "address": "addr_test1vzpwq95z3xyum8vqndgdd9mdnmafh3djcxnc6jemlgdmswcve6tkw",
    "asset_list": [],
    "block_height": 3496878,
    "block_time": 1747746609,
    "datum_hash": null,
    "epoch_no": 216,
    "inline_datum": null,
    "is_spent": false,
    "payment_cred": "82e016828989cd9d809b50d6976d9efa9bc5b2c1a78d4b3bfa1bb83b",
    "reference_script": null,
    "stake_address": null,
    "tx_hash": "9caab8ffc7618e77d9aaedc12df95e5464098995d27df862796a9a4dbc84c748",
    "tx_index": 0,
    "value": "10000000000"
  },
  {
    "address": "addr_test1vzpwq95z3xyum8vqndgdd9mdnmafh3djcxnc6jemlgdmswcve6tkw",
    "asset_list": [],
    "block_height": 3485460,
    "block_time": 1747447496,
    "datum_hash": null,
    "epoch_no": 216,
    "inline_datum": null,
    "is_spent": false,
    "payment_cred": "82e016828989cd9d809b50d6976d9efa9bc5b2c1a78d4b3bfa1bb83b",
    "reference_script": null,
    "stake_address": null,
    "tx_hash": "95a71471248662d614cdf28603c766fc6697663b89ee98e8cf496e210ed33db6",
    "tx_index": 0,
    "value": "100000000"
  },
  {
    "address": "addr_test1vzpwq95z3xyum8vqndgdd9mdnmafh3djcxnc6jemlgdmswcve6tkw",
    "asset_list": [],
    "block_height": 3484667,
    "block_time": 1747426056,
    "datum_hash": null,
    "epoch_no": 216,
    "inline_datum": null,
    "is_spent": false,
    "payment_cred": "82e016828989cd9d809b50d6976d9efa9bc5b2c1a78d4b3bfa1bb83b",
    "reference_script": null,
    "stake_address": null,
    "tx_hash": "4e934212048440cb9b50d7a9f9c1b9d4afb8f96e95f138a2cc483be0bb7ff493",
    "tx_index": 0,
    "value": "98000000"
  },
  {
    "address": "addr_test1vzpwq95z3xyum8vqndgdd9mdnmafh3djcxnc6jemlgdmswcve6tkw",
    "asset_list": [],
    "block_height": 3484599,
    "block_time": 1747423950,
    "datum_hash": null,
    "epoch_no": 216,
    "inline_datum": null,
    "is_spent": false,
    "payment_cred": "82e016828989cd9d809b50d6976d9efa9bc5b2c1a78d4b3bfa1bb83b",
    "reference_script": null,
    "stake_address": null,
    "tx_hash": "f99cf3ef9192893b5cf2cbbc15a26f6ce102e26468f2d2517369f63e437623c4",
    "tx_index": 0,
    "value": "19830979"
  }
]
